Component: Arm Compiler for Embedded 6.22 Tool: armlink [5ee90200]

==============================================================================

Section Cross References

    startup_stm32f103xb.o(RESET) refers to startup_stm32f103xb.o(STACK) for __initial_sp
    startup_stm32f103xb.o(RESET) refers to startup_stm32f103xb.o(.text) for Reset_Handler
    startup_stm32f103xb.o(RESET) refers to stm32f1xx_it.o(.text.NMI_Handler) for NMI_Handler
    startup_stm32f103xb.o(RESET) refers to stm32f1xx_it.o(.text.HardFault_Handler) for HardFault_Handler
    startup_stm32f103xb.o(RESET) refers to stm32f1xx_it.o(.text.MemManage_Handler) for MemManage_Handler
    startup_stm32f103xb.o(RESET) refers to stm32f1xx_it.o(.text.BusFault_Handler) for BusFault_Handler
    startup_stm32f103xb.o(RESET) refers to stm32f1xx_it.o(.text.UsageFault_Handler) for UsageFault_Handler
    startup_stm32f103xb.o(RESET) refers to stm32f1xx_it.o(.text.SVC_Handler) for SVC_Handler
    startup_stm32f103xb.o(RESET) refers to stm32f1xx_it.o(.text.DebugMon_Handler) for DebugMon_Handler
    startup_stm32f103xb.o(RESET) refers to stm32f1xx_it.o(.text.PendSV_Handler) for PendSV_Handler
    startup_stm32f103xb.o(RESET) refers to stm32f1xx_it.o(.text.SysTick_Handler) for SysTick_Handler
    startup_stm32f103xb.o(RESET) refers to stm32f1xx_it.o(.text.DMA1_Channel1_IRQHandler) for DMA1_Channel1_IRQHandler
    startup_stm32f103xb.o(RESET) refers to stm32f1xx_it.o(.text.TIM1_UP_IRQHandler) for TIM1_UP_IRQHandler
    startup_stm32f103xb.o(.text) refers to system_stm32f1xx.o(.text.SystemInit) for SystemInit
    startup_stm32f103xb.o(.text) refers to entry.o(.ARM.Collect$$$$00000000) for __main
    user.o(.text.phy_conn_cb) refers to user.o(.text.TIM1_Update_Interrupt_Enable) for TIM1_Update_Interrupt_Enable
    user.o(.ARM.exidx.text.phy_conn_cb) refers to user.o(.text.phy_conn_cb) for [Anonymous Symbol]
    user.o(.ARM.exidx.text.TIM1_Update_Interrupt_Enable) refers to user.o(.text.TIM1_Update_Interrupt_Enable) for [Anonymous Symbol]
    user.o(.text.phy_disconn_cb) refers to user.o(.data.socket0_send_done) for socket0_send_done
    user.o(.ARM.exidx.text.phy_disconn_cb) refers to user.o(.text.phy_disconn_cb) for [Anonymous Symbol]
    user.o(.ARM.exidx.text.dhcp_success_cb) refers to user.o(.text.dhcp_success_cb) for [Anonymous Symbol]
    user.o(.text.socket_send_buf_free_cb) refers to user.o(.data.socket0_send_done) for socket0_send_done
    user.o(.ARM.exidx.text.socket_send_buf_free_cb) refers to user.o(.text.socket_send_buf_free_cb) for [Anonymous Symbol]
    user.o(.text.socket_recv_cb) refers to atk_mo395q_cmd.o(.text.atk_mo395q_cmd_get_recv_len_sn) for atk_mo395q_cmd_get_recv_len_sn
    user.o(.text.socket_recv_cb) refers to atk_mo395q_cmd.o(.text.atk_mo395q_cmd_read_recv_buf_sn) for atk_mo395q_cmd_read_recv_buf_sn
    user.o(.text.socket_recv_cb) refers to user.o(.text.Deal_Recv) for Deal_Recv
    user.o(.ARM.exidx.text.socket_recv_cb) refers to user.o(.text.socket_recv_cb) for [Anonymous Symbol]
    user.o(.text.Deal_Recv) refers to user.o(.text.TIM1_Update_Interrupt_Disable) for TIM1_Update_Interrupt_Disable
    user.o(.text.Deal_Recv) refers to user.o(.data.socket0_send_done) for socket0_send_done
    user.o(.text.Deal_Recv) refers to user.o(.data.socket0_send_buf) for socket0_send_buf
    user.o(.text.Deal_Recv) refers to user.o(.data.IP) for IP
    user.o(.text.Deal_Recv) refers to user.o(.bss.DataBuffer) for DataBuffer
    user.o(.text.Deal_Recv) refers to atk_mo395q_cmd.o(.text.atk_mo395q_cmd_write_send_buf_sn) for atk_mo395q_cmd_write_send_buf_sn
    user.o(.ARM.exidx.text.Deal_Recv) refers to user.o(.text.Deal_Recv) for [Anonymous Symbol]
    user.o(.text.system_init) refers to delay.o(.text.delay_init) for delay_init
    user.o(.text.system_init) refers to adc.o(.bss.hadc1) for hadc1
    user.o(.text.system_init) refers to user.o(.bss.DataBuffer) for DataBuffer
    user.o(.text.system_init) refers to stm32f1xx_hal_adc.o(.text.HAL_ADC_Start_DMA) for HAL_ADC_Start_DMA
    user.o(.text.system_init) refers to tim.o(.bss.htim3) for htim3
    user.o(.text.system_init) refers to stm32f1xx_hal_tim.o(.text.HAL_TIM_Base_Start) for HAL_TIM_Base_Start
    user.o(.text.system_init) refers to atk_mo395q.o(.text.atk_mo395q_init) for atk_mo395q_init
    user.o(.text.system_init) refers to user.o(.text.dhcp_success_cb) for dhcp_success_cb
    user.o(.text.system_init) refers to user.o(.text.phy_disconn_cb) for phy_disconn_cb
    user.o(.text.system_init) refers to user.o(.text.phy_conn_cb) for phy_conn_cb
    user.o(.text.system_init) refers to user.o(.data.IP) for IP
    user.o(.text.system_init) refers to user.o(.data.GWIP) for GWIP
    user.o(.text.system_init) refers to user.o(.data.Mask) for Mask
    user.o(.text.system_init) refers to atk_mo395q.o(.text.atk_mo395q_net_config) for atk_mo395q_net_config
    user.o(.text.system_init) refers to user.o(.bss.socket_config) for socket_config
[...]
    Removing atk_mo395q_cmd.o(.ARM.exidx.text.atk_mo395q_cmd_tcp_connect_sn), (8 bytes).
    Removing atk_mo395q_cmd.o(.text.atk_mo395q_cmd_tcp_disconnect_sn), (110 bytes).
    Removing atk_mo395q_cmd.o(.ARM.exidx.text.atk_mo395q_cmd_tcp_disconnect_sn), (8 bytes).
    Removing atk_mo395q_cmd.o(.ARM.exidx.text.atk_mo395q_cmd_write_send_buf_sn), (8 bytes).
    Removing atk_mo395q_cmd.o(.ARM.exidx.text.atk_mo395q_cmd_get_recv_len_sn), (8 bytes).
    Removing atk_mo395q_cmd.o(.ARM.exidx.text.atk_mo395q_cmd_read_recv_buf_sn), (8 bytes).
    Removing atk_mo395q_cmd.o(.ARM.exidx.text.atk_mo395q_cmd_close_socket_sn), (8 bytes).
    Removing atk_mo395q_cmd.o(.text.atk_mo395q_cmd_set_ipraw_pro_sn), (42 bytes).
    Removing atk_mo395q_cmd.o(.ARM.exidx.text.atk_mo395q_cmd_set_ipraw_pro_sn), (8 bytes).
    Removing atk_mo395q_cmd.o(.text.atk_mo395q_cmd_ping_enable), (30 bytes).
    Removing atk_mo395q_cmd.o(.ARM.exidx.text.atk_mo395q_cmd_ping_enable), (8 bytes).
    Removing atk_mo395q_cmd.o(.text.atk_mo395q_cmd_get_mac_addr), (64 bytes).
    Removing atk_mo395q_cmd.o(.ARM.exidx.text.atk_mo395q_cmd_get_mac_addr), (8 bytes).
    Removing atk_mo395q_cmd.o(.ARM.exidx.text.atk_mo395q_cmd_dhcp_enable), (8 bytes).
    Removing atk_mo395q_cmd.o(.ARM.exidx.text.atk_mo395q_cmd_get_dhcp_status), (8 bytes).
    Removing atk_mo395q_cmd.o(.ARM.exidx.text.atk_mo395q_cmd_get_ip_inf), (8 bytes).
    Removing atk_mo395q_cmd.o(.text.atk_mo395q_cmd_set_tcp_mss), (38 bytes).
    Removing atk_mo395q_cmd.o(.ARM.exidx.text.atk_mo395q_cmd_set_tcp_mss), (8 bytes).
    Removing atk_mo395q_cmd.o(.ARM.exidx.text.atk_mo395q_cmd_set_ttl), (8 bytes).
    Removing atk_mo395q_cmd.o(.text.atk_mo395q_cmd_set_recv_buf), (54 bytes).
    Removing atk_mo395q_cmd.o(.ARM.exidx.text.atk_mo395q_cmd_set_recv_buf), (8 bytes).
    Removing atk_mo395q_cmd.o(.text.atk_mo395q_cmd_set_send_buf), (54 bytes).
    Removing atk_mo395q_cmd.o(.ARM.exidx.text.atk_mo395q_cmd_set_send_buf), (8 bytes).
    Removing atk_mo395q_cmd.o(.text.atk_mo395q_cmd_set_fun_para), (52 bytes).
    Removing atk_mo395q_cmd.o(.ARM.exidx.text.atk_mo395q_cmd_set_fun_para), (8 bytes).
    Removing atk_mo395q_cmd.o(.ARM.exidx.text.atk_mo395q_cmd_set_keep_live_idle), (8 bytes).
    Removing atk_mo395q_cmd.o(.ARM.exidx.text.atk_mo395q_cmd_set_keep_live_intvl), (8 bytes).
    Removing atk_mo395q_cmd.o(.ARM.exidx.text.atk_mo395q_cmd_set_keep_live_cnt), (8 bytes).
    Removing atk_mo395q_cmd.o(.ARM.exidx.text.atk_mo395q_cmd_set_keep_live_sn), (8 bytes).
    Removing atk_mo395q_cmd.o(.text.atk_mo395q_cmd_eeprom_erase), (76 bytes).
    Removing atk_mo395q_cmd.o(.ARM.exidx.text.atk_mo395q_cmd_eeprom_erase), (8 bytes).
    Removing atk_mo395q_cmd.o(.text.atk_mo395q_cmd_eeprom_write), (158 bytes).
    Removing atk_mo395q_cmd.o(.ARM.exidx.text.atk_mo395q_cmd_eeprom_write), (8 bytes).
    Removing atk_mo395q_cmd.o(.text.atk_mo395q_cmd_eeprom_read), (106 bytes).
    Removing atk_mo395q_cmd.o(.ARM.exidx.text.atk_mo395q_cmd_eeprom_read), (8 bytes).
    Removing atk_mo395q_cmd.o(.text.atk_mo395q_cmd_read_gpio_reg), (48 bytes).
    Removing atk_mo395q_cmd.o(.ARM.exidx.text.atk_mo395q_cmd_read_gpio_reg), (8 bytes).
    Removing atk_mo395q_cmd.o(.text.atk_mo395q_cmd_write_gpio_reg), (42 bytes).
    Removing atk_mo395q_cmd.o(.ARM.exidx.text.atk_mo395q_cmd_write_gpio_reg), (8 bytes).
    Removing atk_mo395q_cmd.o(.ARM.exidx.text.atk_mo395q_spi_end_cmd), (8 bytes).
    Removing atk_mo395q_spi.o(.text), (0 bytes).
    Removing atk_mo395q_spi.o(.ARM.exidx.text.atk_mo395q_spi_init), (8 bytes).
    Removing atk_mo395q_spi.o(.ARM.exidx.text.atk_mo395q_spi_write_cmd), (8 bytes).
    Removing atk_mo395q_spi.o(.ARM.exidx.text.atk_mo395q_spi_write_read_byte), (8 bytes).
    Removing atk_mo395q_spi.o(.ARM.exidx.text.atk_mo395q_spi_write_dat), (8 bytes).
    Removing atk_mo395q_spi.o(.ARM.exidx.text.atk_mo395q_spi_read_dat), (8 bytes).
    Removing atk_mo395q_spi.o(.ARM.exidx.text.atk_mo395q_spi_end_cmd), (8 bytes).
    Removing atk_mo395q_spi.o(.ARM.exidx.text.atk_mo395q_spi_start_cmd), (8 bytes).
    Removing delay.o(.text), (0 bytes).
    Removing delay.o(.ARM.exidx.text.delay_init), (8 bytes).
    Removing delay.o(.ARM.exidx.text.delay_us), (8 bytes).
    Removing delay.o(.ARM.exidx.text.delay_ms), (8 bytes).
    Removing delay.o(.ARM.exidx.text.HAL_Delay), (8 bytes).

1063 unused section(s) (total 72372 bytes) removed from the image.

==============================================================================

Image Symbol Table

    Local Symbols

    Symbol Name                              Value     Ov Type        Size  Object(Section)

    ../clib/microlib/init/entry.s            0x00000000   Number         0  entry.o ABSOLUTE
    ../clib/microlib/init/entry.s            0x00000000   Number         0  entry2.o ABSOLUTE
    ../clib/microlib/init/entry.s            0x00000000   Number         0  entry5.o ABSOLUTE
    ../clib/microlib/init/entry.s            0x00000000   Number         0  entry7a.o ABSOLUTE
    ../clib/microlib/init/entry.s            0x00000000   Number         0  entry7b.o ABSOLUTE
    ../clib/microlib/init/entry.s            0x00000000   Number         0  entry8a.o ABSOLUTE
    ../clib/microlib/init/entry.s            0x00000000   Number         0  entry8b.o ABSOLUTE
    ../clib/microlib/init/entry.s            0x00000000   Number         0  entry9a.o ABSOLUTE
    ../clib/microlib/init/entry.s            0x00000000   Number         0  entry9b.o ABSOLUTE
    ../clib/microlib/init/entry.s            0x00000000   Number         0  entry10a.o ABSOLUTE
    ../clib/microlib/init/entry.s            0x00000000   Number         0  entry10b.o ABSOLUTE
    ../clib/microlib/init/entry.s            0x00000000   Number         0  entry11a.o ABSOLUTE
    ../clib/microlib/init/entry.s            0x00000000   Number         0  entry11b.o ABSOLUTE
    ../clib/microlib/string/memcpy.c         0x00000000   Number         0  memcpya.o ABSOLUTE
    ../clib/microlib/string/memcpy.c         0x00000000   Number         0  memcpyb.o ABSOLUTE
    ../clib/microlib/string/memset.c         0x00000000   Number         0  memseta.o ABSOLUTE
    adc.c                                    0x00000000   Number         0  adc.o ABSOLUTE
    atk_mo395q.c                             0x00000000   Number         0  atk_mo395q.o ABSOLUTE
    atk_mo395q_cmd.c                         0x00000000   Number         0  atk_mo395q_cmd.o ABSOLUTE
    atk_mo395q_spi.c                         0x00000000   Number         0  atk_mo395q_spi.o ABSOLUTE
    dc.s                                     0x00000000   Number         0  dc.o ABSOLUTE
    delay.c                                  0x00000000   Number         0  delay.o ABSOLUTE
    dma.c                                    0x00000000   Number         0  dma.o ABSOLUTE
    gpio.c                                   0x00000000   Number         0  gpio.o ABSOLUTE
    handlers.s                               0x00000000   Number         0  handlers.o ABSOLUTE
    init.s                                   0x00000000   Number         0  init.o ABSOLUTE
    main.c                                   0x00000000   Number         0  main.o ABSOLUTE
    spi.c                                    0x00000000   Number         0  spi.o ABSOLUTE
    startup_stm32f103xb.s                    0x00000000   Number         0  startup_stm32f103xb.o ABSOLUTE
    stm32f1xx_hal.c                          0x00000000   Number         0  stm32f1xx_hal.o ABSOLUTE
    stm32f1xx_hal_adc.c                      0x00000000   Number         0  stm32f1xx_hal_adc.o ABSOLUTE
    stm32f1xx_hal_adc_ex.c                   0x00000000   Number         0  stm32f1xx_hal_adc_ex.o ABSOLUTE
    stm32f1xx_hal_cortex.c                   0x00000000   Number         0  stm32f1xx_hal_cortex.o ABSOLUTE
    stm32f1xx_hal_dma.c                      0x00000000   Number         0  stm32f1xx_hal_dma.o ABSOLUTE
    stm32f1xx_hal_exti.c                     0x00000000   Number         0  stm32f1xx_hal_exti.o ABSOLUTE
    stm32f1xx_hal_flash.c                    0x00000000   Number         0  stm32f1xx_hal_flash.o ABSOLUTE
    stm32f1xx_hal_flash_ex.c                 0x00000000   Number         0  stm32f1xx_hal_flash_ex.o ABSOLUTE
    stm32f1xx_hal_gpio.c                     0x00000000   Number         0  stm32f1xx_hal_gpio.o ABSOLUTE
    stm32f1xx_hal_gpio_ex.c                  0x00000000   Number         0  stm32f1xx_hal_gpio_ex.o ABSOLUTE
    stm32f1xx_hal_msp.c                      0x00000000   Number         0  stm32f1xx_hal_msp.o ABSOLUTE
    stm32f1xx_hal_pwr.c                      0x00000000   Number         0  stm32f1xx_hal_pwr.o ABSOLUTE
    stm32f1xx_hal_rcc.c                      0x00000000   Number         0  stm32f1xx_hal_rcc.o ABSOLUTE
    stm32f1xx_hal_rcc_ex.c                   0x00000000   Number         0  stm32f1xx_hal_rcc_ex.o ABSOLUTE
    stm32f1xx_hal_spi.c                      0x00000000   Number         0  stm32f1xx_hal_spi.o ABSOLUTE
    stm32f1xx_hal_tim.c                      0x00000000   Number         0  stm32f1xx_hal_tim.o ABSOLUTE
    stm32f1xx_hal_tim_ex.c                   0x00000000   Number         0  stm32f1xx_hal_tim_ex.o ABSOLUTE
    stm32f1xx_hal_uart.c                     0x00000000   Number         0  stm32f1xx_hal_uart.o ABSOLUTE
    stm32f1xx_it.c                           0x00000000   Number         0  stm32f1xx_it.o ABSOLUTE
    system_stm32f1xx.c                       0x00000000   Number         0  system_stm32f1xx.o ABSOLUTE
    tim.c                                    0x00000000   Number         0  tim.o ABSOLUTE
    usart.c                                  0x00000000   Number         0  usart.o ABSOLUTE
    user.c                                   0x00000000   Number         0  user.o ABSOLUTE
    RESET                                    0x08000000   Section      236  startup_stm32f103xb.o(RESET)
    .ARM.Collect$$$$00000000                 0x080000ec   Section        0  entry.o(.ARM.Collect$$$$00000000)
    .ARM.Collect$$$$00000001                 0x080000ec   Section        4  entry2.o(.ARM.Collect$$$$00000001)
    .ARM.Collect$$$$00000004                 0x080000f0   Section        4  entry5.o(.ARM.Collect$$$$00000004)
    .ARM.Collect$$$$00000008                 0x080000f4   Section        0  entry7b.o(.ARM.Collect$$$$00000008)
    .ARM.Collect$$$$0000000A                 0x080000f4   Section        0  entry8b.o(.ARM.Collect$$$$0000000A)
    .ARM.Collect$$$$0000000B                 0x080000f4   Section        8  entry9a.o(.ARM.Collect$$$$0000000B)
    __lit__00000000                          0x080000fc   Data           4  entry2.o(.ARM.Collect$$$$00002712)
    .ARM.Collect$$$$0000000D                 0x080000fc   Section        0  entry10a.o(.ARM.Collect$$$$0000000D)
    .ARM.Collect$$$$0000000F                 0x080000fc   Section        0  entry11a.o(.ARM.Collect$$$$0000000F)
    .ARM.Collect$$$$00002712                 0x080000fc   Section        4  entry2.o(.ARM.Collect$$$$00002712)
    .text                                    0x08000100   Section       36  startup_stm32f103xb.o(.text)
    .text                                    0x08000124   Section        0  memcpya.o(.text)
    .text                                    0x08000148   Section        0  memseta.o(.text)
    .text                                    0x0800016c   Section       48  init.o(.text)
    [Anonymous Symbol]                       0x0800019c   Section        0  stm32f1xx_hal_adc.o(.text.ADC_ConversionStop_Disable)
    [Anonymous Symbol]                       0x08000220   Section        0  stm32f1xx_hal_adc.o(.text.ADC_DMAConvCplt)
    [Anonymous Symbol]                       0x08000298   Section        0  stm32f1xx_hal_adc.o(.text.ADC_DMAError)
    [Anonymous Symbol]                       0x080002c4   Section        0  stm32f1xx_hal_adc.o(.text.ADC_DMAHalfConvCplt)
    [Anonymous Symbol]                       0x080002dc   Section        0  stm32f1xx_hal_adc.o(.text.ADC_Enable)
    [Anonymous Symbol]                       0x08000398   Section        0  stm32f1xx_it.o(.text.BusFault_Handler)
    [Anonymous Symbol]                       0x0800039c   Section        0  stm32f1xx_it.o(.text.DMA1_Channel1_IRQHandler)
    DMA_SetConfig                            0x080003ad   Thumb Code    80  stm32f1xx_hal_dma.o(.text.DMA_SetConfig)
    [Anonymous Symbol]                       0x080003ac   Section        0  stm32f1xx_hal_dma.o(.text.DMA_SetConfig)
    [Anonymous Symbol]                       0x080003fc   Section        0  user.o(.text.Deal_Recv)
    [Anonymous Symbol]                       0x080004a0   Section        0  stm32f1xx_it.o(.text.DebugMon_Handler)
    [Anonymous Symbol]                       0x080004a4   Section        0  main.o(.text.Error_Handler)
    [Anonymous Symbol]                       0x080004b4   Section        0  stm32f1xx_hal_adc.o(.text.HAL_ADC_ConfigChannel)
    [Anonymous Symbol]                       0x08000668   Section        0  stm32f1xx_hal_adc.o(.text.HAL_ADC_ConvCpltCallback)
    [Anonymous Symbol]                       0x08000670   Section        0  stm32f1xx_hal_adc.o(.text.HAL_ADC_ConvHalfCpltCallback)
    [Anonymous Symbol]                       0x08000678   Section        0  stm32f1xx_hal_adc.o(.text.HAL_ADC_ErrorCallback)
    [Anonymous Symbol]                       0x08000680   Section        0  stm32f1xx_hal_adc.o(.text.HAL_ADC_Init)
    [Anonymous Symbol]                       0x08000894   Section        0  adc.o(.text.HAL_ADC_MspInit)
    [Anonymous Symbol]                       0x08000920   Section        0  stm32f1xx_hal_adc.o(.text.HAL_ADC_Start_DMA)
    [Anonymous Symbol]                       0x08000b48   Section        0  stm32f1xx_hal_dma.o(.text.HAL_DMA_IRQHandler)
    [Anonymous Symbol]                       0x08000dd0   Section        0  stm32f1xx_hal_dma.o(.text.HAL_DMA_Init)
    [Anonymous Symbol]                       0x08000e80   Section        0  stm32f1xx_hal_dma.o(.text.HAL_DMA_Start_IT)
    [Anonymous Symbol]                       0x08000f4c   Section        0  delay.o(.text.HAL_Delay)
    [Anonymous Symbol]                       0x08000f60   Section        0  stm32f1xx_hal_gpio.o(.text.HAL_GPIO_Init)
    [Anonymous Symbol]                       0x08001280   Section        0  stm32f1xx_hal_gpio.o(.text.HAL_GPIO_ReadPin)
    [Anonymous Symbol]                       0x080012b0   Section        0  stm32f1xx_hal_gpio.o(.text.HAL_GPIO_WritePin)
    [Anonymous Symbol]                       0x080012e0   Section        0  stm32f1xx_hal.o(.text.HAL_GetTick)
    [Anonymous Symbol]                       0x080012ec   Section        0  stm32f1xx_hal.o(.text.HAL_IncTick)
    [Anonymous Symbol]                       0x08001308   Section        0  stm32f1xx_hal.o(.text.HAL_Init)
    [Anonymous Symbol]                       0x08001330   Section        0  stm32f1xx_hal.o(.text.HAL_InitTick)
    [Anonymous Symbol]                       0x080013a0   Section        0  stm32f1xx_hal_msp.o(.text.HAL_MspInit)
    [Anonymous Symbol]                       0x08001404   Section        0  stm32f1xx_hal_cortex.o(.text.HAL_NVIC_EnableIRQ)
    [Anonymous Symbol]                       0x08001418   Section        0  stm32f1xx_hal_cortex.o(.text.HAL_NVIC_SetPriority)
    [Anonymous Symbol]                       0x0800144c   Section        0  stm32f1xx_hal_cortex.o(.text.HAL_NVIC_SetPriorityGrouping)
    [Anonymous Symbol]                       0x0800145c   Section        0  stm32f1xx_hal_rcc_ex.o(.text.HAL_RCCEx_PeriphCLKConfig)
    [Anonymous Symbol]                       0x08001624   Section        0  stm32f1xx_hal_rcc.o(.text.HAL_RCC_ClockConfig)
    [Anonymous Symbol]                       0x0800187c   Section        0  stm32f1xx_hal_rcc.o(.text.HAL_RCC_GetHCLKFreq)
    [Anonymous Symbol]                       0x08001888   Section        0  stm32f1xx_hal_rcc.o(.text.HAL_RCC_GetPCLK1Freq)
    [Anonymous Symbol]                       0x080018ac   Section        0  stm32f1xx_hal_rcc.o(.text.HAL_RCC_GetPCLK2Freq)
    [Anonymous Symbol]                       0x080018d0   Section        0  stm32f1xx_hal_rcc.o(.text.HAL_RCC_GetSysClockFreq)
    [Anonymous Symbol]                       0x0800198c   Section        0  stm32f1xx_hal_rcc.o(.text.HAL_RCC_OscConfig)
    [Anonymous Symbol]                       0x08002008   Section        0  stm32f1xx_hal_spi.o(.text.HAL_SPI_Init)
    [Anonymous Symbol]                       0x08002104   Section        0  spi.o(.text.HAL_SPI_MspInit)
    [Anonymous Symbol]                       0x0800219c   Section        0  stm32f1xx_hal_spi.o(.text.HAL_SPI_TransmitReceive)
    [Anonymous Symbol]                       0x08002540   Section        0  stm32f1xx_hal_cortex.o(.text.HAL_SYSTICK_CLKSourceConfig)
    [Anonymous Symbol]                       0x08002574   Section        0  stm32f1xx_hal_cortex.o(.text.HAL_SYSTICK_Config)
    [Anonymous Symbol]                       0x08002584   Section        0  stm32f1xx_hal_tim_ex.o(.text.HAL_TIMEx_BreakCallback)
    [Anonymous Symbol]                       0x0800258c   Section        0  stm32f1xx_hal_tim_ex.o(.text.HAL_TIMEx_CommutCallback)
    [Anonymous Symbol]                       0x08002594   Section        0  stm32f1xx_hal_tim_ex.o(.text.HAL_TIMEx_MasterConfigSynchronization)
    [Anonymous Symbol]                       0x08002670   Section        0  stm32f1xx_hal_tim.o(.text.HAL_TIM_Base_Init)
    [Anonymous Symbol]                       0x0800270c   Section        0  tim.o(.text.HAL_TIM_Base_MspInit)
    [Anonymous Symbol]                       0x08002790   Section        0  stm32f1xx_hal_tim.o(.text.HAL_TIM_Base_Start)
    [Anonymous Symbol]                       0x08002834   Section        0  stm32f1xx_hal_tim.o(.text.HAL_TIM_Base_Start_IT)
    [Anonymous Symbol]                       0x080028e4   Section        0  stm32f1xx_hal_tim.o(.text.HAL_TIM_ConfigClockSource)
    [Anonymous Symbol]                       0x08002a68   Section        0  stm32f1xx_hal_tim.o(.text.HAL_TIM_IC_CaptureCallback)
    [Anonymous Symbol]                       0x08002a70   Section        0  stm32f1xx_hal_tim.o(.text.HAL_TIM_IRQHandler)
    [Anonymous Symbol]                       0x08002c8c   Section        0  stm32f1xx_hal_tim.o(.text.HAL_TIM_OC_DelayElapsedCallback)
    [Anonymous Symbol]                       0x08002c94   Section        0  stm32f1xx_hal_tim.o(.text.HAL_TIM_PWM_PulseFinishedCallback)
    [Anonymous Symbol]                       0x08002c9c   Section        0  stm32f1xx_hal_tim.o(.text.HAL_TIM_PeriodElapsedCallback)
    [Anonymous Symbol]                       0x08002ca4   Section        0  stm32f1xx_hal_tim.o(.text.HAL_TIM_TriggerCallback)
    [Anonymous Symbol]                       0x08002cac   Section        0  stm32f1xx_hal_uart.o(.text.HAL_UART_Init)
    [Anonymous Symbol]                       0x08002d4c   Section        0  usart.o(.text.HAL_UART_MspInit)
    [Anonymous Symbol]                       0x08002de0   Section        0  stm32f1xx_it.o(.text.HardFault_Handler)
    [Anonymous Symbol]                       0x08002de4   Section        0  adc.o(.text.MX_ADC1_Init)
    [Anonymous Symbol]                       0x08002e4c   Section        0  dma.o(.text.MX_DMA_Init)
    [Anonymous Symbol]                       0x08002e84   Section        0  gpio.o(.text.MX_GPIO_Init)
    [Anonymous Symbol]                       0x08002f58   Section        0  spi.o(.text.MX_SPI2_Init)
    [Anonymous Symbol]                       0x08002fa8   Section        0  tim.o(.text.MX_TIM1_Init)
    [Anonymous Symbol]                       0x08003034   Section        0  tim.o(.text.MX_TIM3_Init)
    [Anonymous Symbol]                       0x080030bc   Section        0  usart.o(.text.MX_USART2_UART_Init)
    [Anonymous Symbol]                       0x080030fc   Section        0  stm32f1xx_it.o(.text.MemManage_Handler)
    [Anonymous Symbol]                       0x08003100   Section        0  stm32f1xx_it.o(.text.NMI_Handler)
    NVIC_EncodePriority                      0x08003105   Thumb Code   108  stm32f1xx_hal_cortex.o(.text.NVIC_EncodePriority)
    [Anonymous Symbol]                       0x08003104   Section        0  stm32f1xx_hal_cortex.o(.text.NVIC_EncodePriority)
    [Anonymous Symbol]                       0x08003170   Section        0  stm32f1xx_it.o(.text.PendSV_Handler)
    RCC_Delay                                0x08003175   Thumb Code    58  stm32f1xx_hal_rcc.o(.text.RCC_Delay)
    [Anonymous Symbol]                       0x08003174   Section        0  stm32f1xx_hal_rcc.o(.text.RCC_Delay)
    SPI_EndRxTxTransaction                   0x080031b1   Thumb Code   106  stm32f1xx_hal_spi.o(.text.SPI_EndRxTxTransaction)
    [Anonymous Symbol]                       0x080031b0   Section        0  stm32f1xx_hal_spi.o(.text.SPI_EndRxTxTransaction)
    SPI_WaitFlagStateUntilTimeout            0x0800321d   Thumb Code   298  stm32f1xx_hal_spi.o(.text.SPI_WaitFlagStateUntilTimeout)
    [Anonymous Symbol]                       0x0800321c   Section        0  stm32f1xx_hal_spi.o(.text.SPI_WaitFlagStateUntilTimeout)
    [Anonymous Symbol]                       0x08003348   Section        0  stm32f1xx_it.o(.text.SVC_Handler)
    SysTick_Config                           0x0800334d   Thumb Code    82  stm32f1xx_hal_cortex.o(.text.SysTick_Config)
    [Anonymous Symbol]                       0x0800334c   Section        0  stm32f1xx_hal_cortex.o(.text.SysTick_Config)
    [Anonymous Symbol]                       0x080033a0   Section        0  stm32f1xx_it.o(.text.SysTick_Handler)
    [Anonymous Symbol]                       0x080033a8   Section        0  main.o(.text.SystemClock_Config)
    [Anonymous Symbol]                       0x08003438   Section        0  system_stm32f1xx.o(.text.SystemInit)
    [Anonymous Symbol]                       0x0800343c   Section        0  stm32f1xx_it.o(.text.TIM1_UP_IRQHandler)
    [Anonymous Symbol]                       0x0800351c   Section        0  user.o(.text.TIM1_Update_Interrupt_Disable)
    [Anonymous Symbol]                       0x08003540   Section        0  user.o(.text.TIM1_Update_Interrupt_Enable)
    [Anonymous Symbol]                       0x08003570   Section        0  stm32f1xx_hal_tim.o(.text.TIM_Base_SetConfig)
    [Anonymous Symbol]                       0x08003678   Section        0  stm32f1xx_hal_tim.o(.text.TIM_ETR_SetConfig)
    TIM_ITRx_SetConfig                       0x080036ad   Thumb Code    42  stm32f1xx_hal_tim.o(.text.TIM_ITRx_SetConfig)
    [Anonymous Symbol]                       0x080036ac   Section        0  stm32f1xx_hal_tim.o(.text.TIM_ITRx_SetConfig)
    TIM_TI1_ConfigInputStage                 0x080036d9   Thumb Code    80  stm32f1xx_hal_tim.o(.text.TIM_TI1_ConfigInputStage)
    [Anonymous Symbol]                       0x080036d8   Section        0  stm32f1xx_hal_tim.o(.text.TIM_TI1_ConfigInputStage)
    TIM_TI2_ConfigInputStage                 0x08003729   Thumb Code    82  stm32f1xx_hal_tim.o(.text.TIM_TI2_ConfigInputStage)
    [Anonymous Symbol]                       0x08003728   Section        0  stm32f1xx_hal_tim.o(.text.TIM_TI2_ConfigInputStage)
    UART_SetConfig                           0x0800377d   Thumb Code   186  stm32f1xx_hal_uart.o(.text.UART_SetConfig)
    [Anonymous Symbol]                       0x0800377c   Section        0  stm32f1xx_hal_uart.o(.text.UART_SetConfig)
    [Anonymous Symbol]                       0x08003838   Section        0  stm32f1xx_it.o(.text.UsageFault_Handler)
    __NVIC_EnableIRQ                         0x0800383d   Thumb Code    48  stm32f1xx_hal_cortex.o(.text.__NVIC_EnableIRQ)
    [Anonymous Symbol]                       0x0800383c   Section        0  stm32f1xx_hal_cortex.o(.text.__NVIC_EnableIRQ)
    __NVIC_GetPriorityGrouping               0x0800386d   Thumb Code    16  stm32f1xx_hal_cortex.o(.text.__NVIC_GetPriorityGrouping)
    [Anonymous Symbol]                       0x0800386c   Section        0  stm32f1xx_hal_cortex.o(.text.__NVIC_GetPriorityGrouping)
    __NVIC_SetPriority                       0x0800387d   Thumb Code    66  stm32f1xx_hal_cortex.o(.text.__NVIC_SetPriority)
    [Anonymous Symbol]                       0x0800387c   Section        0  stm32f1xx_hal_cortex.o(.text.__NVIC_SetPriority)
    __NVIC_SetPriorityGrouping               0x080038c1   Thumb Code    60  stm32f1xx_hal_cortex.o(.text.__NVIC_SetPriorityGrouping)
    [Anonymous Symbol]                       0x080038c0   Section        0  stm32f1xx_hal_cortex.o(.text.__NVIC_SetPriorityGrouping)
    [Anonymous Symbol]                       0x080038fc   Section        0  atk_mo395q_cmd.o(.text.atk_mo395q_cmd_check_exist)
    [Anonymous Symbol]                       0x08003928   Section        0  atk_mo395q_cmd.o(.text.atk_mo395q_cmd_close_socket_sn)
    [Anonymous Symbol]                       0x08003998   Section        0  atk_mo395q_cmd.o(.text.atk_mo395q_cmd_dhcp_enable)
    [Anonymous Symbol]                       0x08003a08   Section        0  atk_mo395q_cmd.o(.text.atk_mo395q_cmd_get_cmd_status)
    [Anonymous Symbol]                       0x08003a28   Section        0  atk_mo395q_cmd.o(.text.atk_mo395q_cmd_get_dhcp_status)
    [Anonymous Symbol]                       0x08003a60   Section        0  atk_mo395q_cmd.o(.text.atk_mo395q_cmd_get_glob_int_status_all)
    [Anonymous Symbol]                       0x08003a98   Section        0  atk_mo395q_cmd.o(.text.atk_mo395q_cmd_get_ic_version)
    [Anonymous Symbol]                       0x08003ab8   Section        0  atk_mo395q_cmd.o(.text.atk_mo395q_cmd_get_int_status_sn)
    [Anonymous Symbol]                       0x08003ae8   Section        0  atk_mo395q_cmd.o(.text.atk_mo395q_cmd_get_ip_inf)
    [Anonymous Symbol]                       0x08003ba8   Section        0  atk_mo395q_cmd.o(.text.atk_mo395q_cmd_get_phy_status)
    [Anonymous Symbol]                       0x08003bc8   Section        0  atk_mo395q_cmd.o(.text.atk_mo395q_cmd_get_recv_len_sn)
    [Anonymous Symbol]                       0x08003c04   Section        0  atk_mo395q_cmd.o(.text.atk_mo395q_cmd_get_remot_ipp_sn)
    [Anonymous Symbol]                       0x08003c60   Section        0  atk_mo395q_cmd.o(.text.atk_mo395q_cmd_init_ch395)
    [Anonymous Symbol]                       0x08003cc4   Section        0  atk_mo395q_cmd.o(.text.atk_mo395q_cmd_open_socket_sn)
    [Anonymous Symbol]                       0x08003d34   Section        0  atk_mo395q_cmd.o(.text.atk_mo395q_cmd_read_recv_buf_sn)
    [Anonymous Symbol]                       0x08003dac   Section        0  atk_mo395q_cmd.o(.text.atk_mo395q_cmd_reset_all)
    [Anonymous Symbol]                       0x08003dbc   Section        0  atk_mo395q_cmd.o(.text.atk_mo395q_cmd_set_des_port_sn)
    [Anonymous Symbol]                       0x08003df0   Section        0  atk_mo395q_cmd.o(.text.atk_mo395q_cmd_set_gwip_addr)
    [Anonymous Symbol]                       0x08003e30   Section        0  atk_mo395q_cmd.o(.text.atk_mo395q_cmd_set_ip_addr)
    [Anonymous Symbol]                       0x08003e70   Section        0  atk_mo395q_cmd.o(.text.atk_mo395q_cmd_set_ip_addr_sn)
    [Anonymous Symbol]                       0x08003eb0   Section        0  atk_mo395q_cmd.o(.text.atk_mo395q_cmd_set_keep_live_cnt)
    [Anonymous Symbol]                       0x08003ed0   Section        0  atk_mo395q_cmd.o(.text.atk_mo395q_cmd_set_keep_live_idle)
    [Anonymous Symbol]                       0x08003f04   Section        0  atk_mo395q_cmd.o(.text.atk_mo395q_cmd_set_keep_live_intvl)
    [Anonymous Symbol]                       0x08003f38   Section        0  atk_mo395q_cmd.o(.text.atk_mo395q_cmd_set_keep_live_sn)
    [Anonymous Symbol]                       0x08003f64   Section        0  atk_mo395q_cmd.o(.text.atk_mo395q_cmd_set_mask_addr)
    [Anonymous Symbol]                       0x08003fa4   Section        0  atk_mo395q_cmd.o(.text.atk_mo395q_cmd_set_proto_type_sn)
    [Anonymous Symbol]                       0x08003fd0   Section        0  atk_mo395q_cmd.o(.text.atk_mo395q_cmd_set_sour_port_sn)
    [Anonymous Symbol]                       0x08004004   Section        0  atk_mo395q_cmd.o(.text.atk_mo395q_cmd_set_ttl)
    [Anonymous Symbol]                       0x08004030   Section        0  atk_mo395q_cmd.o(.text.atk_mo395q_cmd_tcp_connect_sn)
    [Anonymous Symbol]                       0x080040a0   Section        0  atk_mo395q_cmd.o(.text.atk_mo395q_cmd_tcp_listen_sn)
    [Anonymous Symbol]                       0x08004110   Section        0  atk_mo395q_cmd.o(.text.atk_mo395q_cmd_write_send_buf_sn)
    atk_mo395q_global_interrupt_handler      0x08004175   Thumb Code   258  atk_mo395q.o(.text.atk_mo395q_global_interrupt_handler)
    [Anonymous Symbol]                       0x08004174   Section        0  atk_mo395q.o(.text.atk_mo395q_global_interrupt_handler)
    [Anonymous Symbol]                       0x08004278   Section        0  atk_mo395q.o(.text.atk_mo395q_handler)
    atk_mo395q_hw_init                       0x080047e1   Thumb Code    26  atk_mo395q.o(.text.atk_mo395q_hw_init)
    [Anonymous Symbol]                       0x080047e0   Section        0  atk_mo395q.o(.text.atk_mo395q_hw_init)
    atk_mo395q_hw_reset                      0x080047fd   Thumb Code    60  atk_mo395q.o(.text.atk_mo395q_hw_reset)
    [Anonymous Symbol]                       0x080047fc   Section        0  atk_mo395q.o(.text.atk_mo395q_hw_reset)
    [Anonymous Symbol]                       0x08004838   Section        0  atk_mo395q.o(.text.atk_mo395q_init)
    atk_mo395q_keeplive_init                 0x08004899   Thumb Code    26  atk_mo395q.o(.text.atk_mo395q_keeplive_init)
    [Anonymous Symbol]                       0x08004898   Section        0  atk_mo395q.o(.text.atk_mo395q_keeplive_init)
    [Anonymous Symbol]                       0x080048b4   Section        0  atk_mo395q.o(.text.atk_mo395q_net_config)
    atk_mo395q_parameter_init                0x08004999   Thumb Code   102  atk_mo395q.o(.text.atk_mo395q_parameter_init)
    [Anonymous Symbol]                       0x08004998   Section        0  atk_mo395q.o(.text.atk_mo395q_parameter_init)
    [Anonymous Symbol]                       0x08004a00   Section        0  atk_mo395q.o(.text.atk_mo395q_socket_config)
    atk_mo395q_socket_interrupt_handler      0x08004a85   Thumb Code   472  atk_mo395q.o(.text.atk_mo395q_socket_interrupt_handler)
    [Anonymous Symbol]                       0x08004a84   Section        0  atk_mo395q.o(.text.atk_mo395q_socket_interrupt_handler)
    atk_mo395q_spi_end_cmd                   0x08004c5d   Thumb Code    26  atk_mo395q_cmd.o(.text.atk_mo395q_spi_end_cmd)
    [Anonymous Symbol]                       0x08004c5c   Section        0  atk_mo395q_cmd.o(.text.atk_mo395q_spi_end_cmd)
    atk_mo395q_spi_end_cmd                   0x08004c79   Thumb Code    26  atk_mo395q_spi.o(.text.atk_mo395q_spi_end_cmd)
    [Anonymous Symbol]                       0x08004c78   Section        0  atk_mo395q_spi.o(.text.atk_mo395q_spi_end_cmd)
    [Anonymous Symbol]                       0x08004c94   Section        0  atk_mo395q_spi.o(.text.atk_mo395q_spi_init)
    [Anonymous Symbol]                       0x08004cb0   Section        0  atk_mo395q_spi.o(.text.atk_mo395q_spi_read_dat)
    atk_mo395q_spi_start_cmd                 0x08004cc9   Thumb Code    26  atk_mo395q_spi.o(.text.atk_mo395q_spi_start_cmd)
    [Anonymous Symbol]                       0x08004cc8   Section        0  atk_mo395q_spi.o(.text.atk_mo395q_spi_start_cmd)
    [Anonymous Symbol]                       0x08004ce4   Section        0  atk_mo395q_spi.o(.text.atk_mo395q_spi_write_cmd)
    [Anonymous Symbol]                       0x08004d08   Section        0  atk_mo395q_spi.o(.text.atk_mo395q_spi_write_dat)
    atk_mo395q_spi_write_read_byte           0x08004d1d   Thumb Code    46  atk_mo395q_spi.o(.text.atk_mo395q_spi_write_read_byte)
    [Anonymous Symbol]                       0x08004d1c   Section        0  atk_mo395q_spi.o(.text.atk_mo395q_spi_write_read_byte)
    atk_mo395q_sw_reset                      0x08004d4d   Thumb Code    14  atk_mo395q.o(.text.atk_mo395q_sw_reset)
    [Anonymous Symbol]                       0x08004d4c   Section        0  atk_mo395q.o(.text.atk_mo395q_sw_reset)
    [Anonymous Symbol]                       0x08004d5c   Section        0  delay.o(.text.delay_init)
    [Anonymous Symbol]                       0x08004d88   Section        0  delay.o(.text.delay_ms)
    [Anonymous Symbol]                       0x08004de8   Section        0  delay.o(.text.delay_us)
    [Anonymous Symbol]                       0x08004e74   Section        0  user.o(.text.dhcp_success_cb)
    [Anonymous Symbol]                       0x08004e88   Section        0  main.o(.text.main)
    [Anonymous Symbol]                       0x08004ecc   Section        0  user.o(.text.phy_conn_cb)
    [Anonymous Symbol]                       0x08004eec   Section        0  user.o(.text.phy_disconn_cb)
    [Anonymous Symbol]                       0x08004efc   Section        0  user.o(.text.socket_recv_cb)
    [Anonymous Symbol]                       0x08004f4c   Section        0  user.o(.text.socket_send_buf_free_cb)
    [Anonymous Symbol]                       0x08004f6c   Section        0  user.o(.text.system_init)
    [Anonymous Symbol]                       0x08005064   Section        0  user.o(.text.system_run)
    i.__scatterload_copy                     0x0800506c   Section       14  handlers.o(i.__scatterload_copy)
    i.__scatterload_null                     0x0800507a   Section        2  handlers.o(i.__scatterload_null)
    i.__scatterload_zeroinit                 0x0800507c   Section       14  handlers.o(i.__scatterload_zeroinit)
    HAL_RCC_GetSysClockFreq.aPLLMULFactorTable 0x080050a2   Data          16  stm32f1xx_hal_rcc.o(.rodata.HAL_RCC_GetSysClockFreq.aPLLMULFactorTable)
    [Anonymous Symbol]                       0x080050a2   Section        0  stm32f1xx_hal_rcc.o(.rodata.HAL_RCC_GetSysClockFreq.aPLLMULFactorTable)
    HAL_RCC_GetSysClockFreq.aPredivFactorTable 0x080050b2   Data           2  stm32f1xx_hal_rcc.o(.rodata.HAL_RCC_GetSysClockFreq.aPredivFactorTable)
    [Anonymous Symbol]                       0x080050b2   Section        0  stm32f1xx_hal_rcc.o(.rodata.HAL_RCC_GetSysClockFreq.aPredivFactorTable)
    atk_mo395q_handler.last_dhcp_status      0x20000010   Data           1  atk_mo395q.o(.data.atk_mo395q_handler.last_dhcp_status)
    [Anonymous Symbol]                       0x20000010   Section        0  atk_mo395q.o(.data.atk_mo395q_handler.last_dhcp_status)
    atk_mo395q_handler.last_phy_status       0x20000011   Data           1  atk_mo395q.o(.data.atk_mo395q_handler.last_phy_status)
    [Anonymous Symbol]                       0x20000011   Section        0  atk_mo395q.o(.data.atk_mo395q_handler.last_phy_status)
    atk_mo395q_handler.last_static_status    0x20000012   Data           1  atk_mo395q.o(.data.atk_mo395q_handler.last_static_status)
    [Anonymous Symbol]                       0x20000012   Section        0  atk_mo395q.o(.data.atk_mo395q_handler.last_static_status)
    g_atk_mo395q_spi                         0x200000a4   Data          88  atk_mo395q_spi.o(.bss.g_atk_mo395q_spi)
    [Anonymous Symbol]                       0x200000a4   Section        0  atk_mo395q_spi.o(.bss.g_atk_mo395q_spi)
    g_atk_mo395q_sta                         0x200000fc   Data         564  atk_mo395q.o(.bss.g_atk_mo395q_sta)
    [Anonymous Symbol]                       0x200000fc   Section        0  atk_mo395q.o(.bss.g_atk_mo395q_sta)
    g_fac_us                                 0x20000330   Data           2  delay.o(.bss.g_fac_us)
    [Anonymous Symbol]                       0x20000330   Section        0  delay.o(.bss.g_fac_us)
    STACK                                    0x20000918   Section     1024  startup_stm32f103xb.o(STACK)

    Global Symbols

    Symbol Name                              Value     Ov Type        Size  Object(Section)

    BuildAttributes$$THM_ISAv4$P$D$K$B$S$PE$A:L22UL41UL21$X:L11$S22US41US21$IEEE1$IW$~IW$USESV6$~STKCKD$USESV7$~SHL$OSPACE$EBA8$MICROLIB$REQ8$PRES8$EABIv2 0x00000000   Number         0  anon$$obj.o ABSOLUTE
    __cpp_initialize__aeabi_                  - Undefined Weak Reference
    __cxa_finalize                            - Undefined Weak Reference
    __decompress                              - Undefined Weak Reference
    _clock_init                               - Undefined Weak Reference
    _microlib_exit                            - Undefined Weak Reference
    __Vectors_Size                           0x000000ec   Number         0  startup_stm32f103xb.o ABSOLUTE
    __Vectors                                0x08000000   Data           4  startup_stm32f103xb.o(RESET)
    __Vectors_End                            0x080000ec   Data           0  startup_stm32f103xb.o(RESET)
    __main                                   0x080000ed   Thumb Code     0  entry.o(.ARM.Collect$$$$00000000)
    _main_stk                                0x080000ed   Thumb Code     0  entry2.o(.ARM.Collect$$$$00000001)
    _main_scatterload                        0x080000f1   Thumb Code     0  entry5.o(.ARM.Collect$$$$00000004)
    __main_after_scatterload                 0x080000f5   Thumb Code     0  entry5.o(.ARM.Collect$$$$00000004)
    _main_clock                              0x080000f5   Thumb Code     0  entry7b.o(.ARM.Collect$$$$00000008)
    _main_cpp_init                           0x080000f5   Thumb Code     0  entry8b.o(.ARM.Collect$$$$0000000A)
    _main_init                               0x080000f5   Thumb Code     0  entry9a.o(.ARM.Collect$$$$0000000B)
    __rt_final_cpp                           0x080000fd   Thumb Code     0  entry10a.o(.ARM.Collect$$$$0000000D)
    __rt_final_exit                          0x080000fd   Thumb Code     0  entry11a.o(.ARM.Collect$$$$0000000F)
    Reset_Handler                            0x08000101   Thumb Code     8  startup_stm32f103xb.o(.text)
    ADC1_2_IRQHandler                        0x0800011b   Thumb Code     0  startup_stm32f103xb.o(.text)
    CAN1_RX1_IRQHandler                      0x0800011b   Thumb Code     0  startup_stm32f103xb.o(.text)
    CAN1_SCE_IRQHandler                      0x0800011b   Thumb Code     0  startup_stm32f103xb.o(.text)
    DMA1_Channel2_IRQHandler                 0x0800011b   Thumb Code     0  startup_stm32f103xb.o(.text)
    DMA1_Channel3_IRQHandler                 0x0800011b   Thumb Code     0  startup_stm32f103xb.o(.text)
    DMA1_Channel4_IRQHandler                 0x0800011b   Thumb Code     0  startup_stm32f103xb.o(.text)
    DMA1_Channel5_IRQHandler                 0x0800011b   Thumb Code     0  startup_stm32f103xb.o(.text)
    DMA1_Channel6_IRQHandler                 0x0800011b   Thumb Code     0  startup_stm32f103xb.o(.text)
    DMA1_Channel7_IRQHandler                 0x0800011b   Thumb Code     0  startup_stm32f103xb.o(.text)
    EXTI0_IRQHandler                         0x0800011b   Thumb Code     0  startup_stm32f103xb.o(.text)
    EXTI15_10_IRQHandler                     0x0800011b   Thumb Code     0  startup_stm32f103xb.o(.text)
    EXTI1_IRQHandler                         0x0800011b   Thumb Code     0  startup_stm32f103xb.o(.text)
    EXTI2_IRQHandler                         0x0800011b   Thumb Code     0  startup_stm32f103xb.o(.text)
    EXTI3_IRQHandler                         0x0800011b   Thumb Code     0  startup_stm32f103xb.o(.text)
    EXTI4_IRQHandler                         0x0800011b   Thumb Code     0  startup_stm32f103xb.o(.text)
    EXTI9_5_IRQHandler                       0x0800011b   Thumb Code     0  startup_stm32f103xb.o(.text)
    FLASH_IRQHandler                         0x0800011b   Thumb Code     0  startup_stm32f103xb.o(.text)
    I2C1_ER_IRQHandler                       0x0800011b   Thumb Code     0  startup_stm32f103xb.o(.text)
    I2C1_EV_IRQHandler                       0x0800011b   Thumb Code     0  startup_stm32f103xb.o(.text)
    I2C2_ER_IRQHandler                       0x0800011b   Thumb Code     0  startup_stm32f103xb.o(.text)
    I2C2_EV_IRQHandler                       0x0800011b   Thumb Code     0  startup_stm32f103xb.o(.text)
    PVD_IRQHandler                           0x0800011b   Thumb Code     0  startup_stm32f103xb.o(.text)
    RCC_IRQHandler                           0x0800011b   Thumb Code     0  startup_stm32f103xb.o(.text)
    RTC_Alarm_IRQHandler                     0x0800011b   Thumb Code     0  startup_stm32f103xb.o(.text)
    RTC_IRQHandler                           0x0800011b   Thumb Code     0  startup_stm32f103xb.o(.text)
    SPI1_IRQHandler                          0x0800011b   Thumb Code     0  startup_stm32f103xb.o(.text)
    SPI2_IRQHandler                          0x0800011b   Thumb Code     0  startup_stm32f103xb.o(.text)
    TAMPER_IRQHandler                        0x0800011b   Thumb Code     0  startup_stm32f103xb.o(.text)
    TIM1_BRK_IRQHandler                      0x0800011b   Thumb Code     0  startup_stm32f103xb.o(.text)
    TIM1_CC_IRQHandler                       0x0800011b   Thumb Code     0  startup_stm32f103xb.o(.text)
    TIM1_TRG_COM_IRQHandler                  0x0800011b   Thumb Code     0  startup_stm32f103xb.o(.text)
    TIM2_IRQHandler                          0x0800011b   Thumb Code     0  startup_stm32f103xb.o(.text)
    TIM3_IRQHandler                          0x0800011b   Thumb Code     0  startup_stm32f103xb.o(.text)
    TIM4_IRQHandler                          0x0800011b   Thumb Code     0  startup_stm32f103xb.o(.text)
    USART1_IRQHandler                        0x0800011b   Thumb Code     0  startup_stm32f103xb.o(.text)
    USART2_IRQHandler                        0x0800011b   Thumb Code     0  startup_stm32f103xb.o(.text)
    USART3_IRQHandler                        0x0800011b   Thumb Code     0  startup_stm32f103xb.o(.text)
    USBWakeUp_IRQHandler                     0x0800011b   Thumb Code     0  startup_stm32f103xb.o(.text)
    USB_HP_CAN1_TX_IRQHandler                0x0800011b   Thumb Code     0  startup_stm32f103xb.o(.text)
    USB_LP_CAN1_RX0_IRQHandler               0x0800011b   Thumb Code     0  startup_stm32f103xb.o(.text)
    WWDG_IRQHandler                          0x0800011b   Thumb Code     0  startup_stm32f103xb.o(.text)
    __aeabi_memcpy                           0x08000125   Thumb Code    36  memcpya.o(.text)
    __aeabi_memcpy4                          0x08000125   Thumb Code     0  memcpya.o(.text)
    __aeabi_memcpy8                          0x08000125   Thumb Code     0  memcpya.o(.text)
    __aeabi_memset                           0x08000149   Thumb Code    14  memseta.o(.text)
    __aeabi_memset4                          0x08000149   Thumb Code     0  memseta.o(.text)
    __aeabi_memset8                          0x08000149   Thumb Code     0  memseta.o(.text)
    __aeabi_memclr                           0x08000157   Thumb Code     4  memseta.o(.text)
    __aeabi_memclr4                          0x08000157   Thumb Code     0  memseta.o(.text)
    __aeabi_memclr8                          0x08000157   Thumb Code     0  memseta.o(.text)
    _memset$wrapper                          0x0800015b   Thumb Code    18  memseta.o(.text)
    __scatterload                            0x0800016d   Thumb Code    38  init.o(.text)
    __scatterload_rt2                        0x0800016d   Thumb Code     0  init.o(.text)
    ADC_ConversionStop_Disable               0x0800019d   Thumb Code   130  stm32f1xx_hal_adc.o(.text.ADC_ConversionStop_Disable)
    ADC_DMAConvCplt                          0x08000221   Thumb Code   120  stm32f1xx_hal_adc.o(.text.ADC_DMAConvCplt)
    ADC_DMAError                             0x08000299   Thumb Code    42  stm32f1xx_hal_adc.o(.text.ADC_DMAError)
    ADC_DMAHalfConvCplt                      0x080002c5   Thumb Code    22  stm32f1xx_hal_adc.o(.text.ADC_DMAHalfConvCplt)
    ADC_Enable                               0x080002dd   Thumb Code   188  stm32f1xx_hal_adc.o(.text.ADC_Enable)
    BusFault_Handler                         0x08000399   Thumb Code     4  stm32f1xx_it.o(.text.BusFault_Handler)
    DMA1_Channel1_IRQHandler                 0x0800039d   Thumb Code    16  stm32f1xx_it.o(.text.DMA1_Channel1_IRQHandler)
    Deal_Recv                                0x080003fd   Thumb Code   164  user.o(.text.Deal_Recv)
    DebugMon_Handler                         0x080004a1   Thumb Code     2  stm32f1xx_it.o(.text.DebugMon_Handler)
    Error_Handler                            0x080004a5   Thumb Code    14  main.o(.text.Error_Handler)
    HAL_ADC_ConfigChannel                    0x080004b5   Thumb Code   436  stm32f1xx_hal_adc.o(.text.HAL_ADC_ConfigChannel)
    HAL_ADC_ConvCpltCallback                 0x08000669   Thumb Code     8  stm32f1xx_hal_adc.o(.text.HAL_ADC_ConvCpltCallback)
    HAL_ADC_ConvHalfCpltCallback             0x08000671   Thumb Code     8  stm32f1xx_hal_adc.o(.text.HAL_ADC_ConvHalfCpltCallback)
    HAL_ADC_ErrorCallback                    0x08000679   Thumb Code     8  stm32f1xx_hal_adc.o(.text.HAL_ADC_ErrorCallback)
    HAL_ADC_Init                             0x08000681   Thumb Code   530  stm32f1xx_hal_adc.o(.text.HAL_ADC_Init)
    HAL_ADC_MspInit                          0x08000895   Thumb Code   140  adc.o(.text.HAL_ADC_MspInit)
    HAL_ADC_Start_DMA                        0x08000921   Thumb Code   550  stm32f1xx_hal_adc.o(.text.HAL_ADC_Start_DMA)
    HAL_DMA_IRQHandler                       0x08000b49   Thumb Code   646  stm32f1xx_hal_dma.o(.text.HAL_DMA_IRQHandler)
    HAL_DMA_Init                             0x08000dd1   Thumb Code   174  stm32f1xx_hal_dma.o(.text.HAL_DMA_Init)
    HAL_DMA_Start_IT                         0x08000e81   Thumb Code   202  stm32f1xx_hal_dma.o(.text.HAL_DMA_Start_IT)
    HAL_Delay                                0x08000f4d   Thumb Code    18  delay.o(.text.HAL_Delay)
    HAL_GPIO_Init                            0x08000f61   Thumb Code   798  stm32f1xx_hal_gpio.o(.text.HAL_GPIO_Init)
    HAL_GPIO_ReadPin                         0x08001281   Thumb Code    46  stm32f1xx_hal_gpio.o(.text.HAL_GPIO_ReadPin)
    HAL_GPIO_WritePin                        0x080012b1   Thumb Code    46  stm32f1xx_hal_gpio.o(.text.HAL_GPIO_WritePin)
    HAL_GetTick                              0x080012e1   Thumb Code    12  stm32f1xx_hal.o(.text.HAL_GetTick)
    HAL_IncTick                              0x080012ed   Thumb Code    26  stm32f1xx_hal.o(.text.HAL_IncTick)
    HAL_Init                                 0x08001309   Thumb Code    38  stm32f1xx_hal.o(.text.HAL_Init)
    HAL_InitTick                             0x08001331   Thumb Code   112  stm32f1xx_hal.o(.text.HAL_InitTick)
    HAL_MspInit                              0x080013a1   Thumb Code   100  stm32f1xx_hal_msp.o(.text.HAL_MspInit)
    HAL_NVIC_EnableIRQ                       0x08001405   Thumb Code    20  stm32f1xx_hal_cortex.o(.text.HAL_NVIC_EnableIRQ)
    HAL_NVIC_SetPriority                     0x08001419   Thumb Code    50  stm32f1xx_hal_cortex.o(.text.HAL_NVIC_SetPriority)
    HAL_NVIC_SetPriorityGrouping             0x0800144d   Thumb Code    16  stm32f1xx_hal_cortex.o(.text.HAL_NVIC_SetPriorityGrouping)
    HAL_RCCEx_PeriphCLKConfig                0x0800145d   Thumb Code   456  stm32f1xx_hal_rcc_ex.o(.text.HAL_RCCEx_PeriphCLKConfig)
    HAL_RCC_ClockConfig                      0x08001625   Thumb Code   598  stm32f1xx_hal_rcc.o(.text.HAL_RCC_ClockConfig)
    HAL_RCC_GetHCLKFreq                      0x0800187d   Thumb Code    12  stm32f1xx_hal_rcc.o(.text.HAL_RCC_GetHCLKFreq)
    HAL_RCC_GetPCLK1Freq                     0x08001889   Thumb Code    34  stm32f1xx_hal_rcc.o(.text.HAL_RCC_GetPCLK1Freq)
    HAL_RCC_GetPCLK2Freq                     0x080018ad   Thumb Code    34  stm32f1xx_hal_rcc.o(.text.HAL_RCC_GetPCLK2Freq)
    HAL_RCC_GetSysClockFreq                  0x080018d1   Thumb Code   188  stm32f1xx_hal_rcc.o(.text.HAL_RCC_GetSysClockFreq)
    HAL_RCC_OscConfig                        0x0800198d   Thumb Code  1658  stm32f1xx_hal_rcc.o(.text.HAL_RCC_OscConfig)
    HAL_SPI_Init                             0x08002009   Thumb Code   250  stm32f1xx_hal_spi.o(.text.HAL_SPI_Init)
    HAL_SPI_MspInit                          0x08002105   Thumb Code   152  spi.o(.text.HAL_SPI_MspInit)
    HAL_SPI_TransmitReceive                  0x0800219d   Thumb Code   930  stm32f1xx_hal_spi.o(.text.HAL_SPI_TransmitReceive)
    HAL_SYSTICK_CLKSourceConfig              0x08002541   Thumb Code    52  stm32f1xx_hal_cortex.o(.text.HAL_SYSTICK_CLKSourceConfig)
    HAL_SYSTICK_Config                       0x08002575   Thumb Code    16  stm32f1xx_hal_cortex.o(.text.HAL_SYSTICK_Config)
    HAL_TIMEx_BreakCallback                  0x08002585   Thumb Code     8  stm32f1xx_hal_tim_ex.o(.text.HAL_TIMEx_BreakCallback)
    HAL_TIMEx_CommutCallback                 0x0800258d   Thumb Code     8  stm32f1xx_hal_tim_ex.o(.text.HAL_TIMEx_CommutCallback)
    HAL_TIMEx_MasterConfigSynchronization    0x08002595   Thumb Code   220  stm32f1xx_hal_tim_ex.o(.text.HAL_TIMEx_MasterConfigSynchronization)
    HAL_TIM_Base_Init                        0x08002671   Thumb Code   156  stm32f1xx_hal_tim.o(.text.HAL_TIM_Base_Init)
    HAL_TIM_Base_MspInit                     0x0800270d   Thumb Code   130  tim.o(.text.HAL_TIM_Base_MspInit)
    HAL_TIM_Base_Start                       0x08002791   Thumb Code   164  stm32f1xx_hal_tim.o(.text.HAL_TIM_Base_Start)
    HAL_TIM_Base_Start_IT                    0x08002835   Thumb Code   176  stm32f1xx_hal_tim.o(.text.HAL_TIM_Base_Start_IT)
    HAL_TIM_ConfigClockSource                0x080028e5   Thumb Code   388  stm32f1xx_hal_tim.o(.text.HAL_TIM_ConfigClockSource)
    HAL_TIM_IC_CaptureCallback               0x08002a69   Thumb Code     8  stm32f1xx_hal_tim.o(.text.HAL_TIM_IC_CaptureCallback)
    HAL_TIM_IRQHandler                       0x08002a71   Thumb Code   538  stm32f1xx_hal_tim.o(.text.HAL_TIM_IRQHandler)
    HAL_TIM_OC_DelayElapsedCallback          0x08002c8d   Thumb Code     8  stm32f1xx_hal_tim.o(.text.HAL_TIM_OC_DelayElapsedCallback)
    HAL_TIM_PWM_PulseFinishedCallback        0x08002c95   Thumb Code     8  stm32f1xx_hal_tim.o(.text.HAL_TIM_PWM_PulseFinishedCallback)
    HAL_TIM_PeriodElapsedCallback            0x08002c9d   Thumb Code     8  stm32f1xx_hal_tim.o(.text.HAL_TIM_PeriodElapsedCallback)
    HAL_TIM_TriggerCallback                  0x08002ca5   Thumb Code     8  stm32f1xx_hal_tim.o(.text.HAL_TIM_TriggerCallback)
    HAL_UART_Init                            0x08002cad   Thumb Code   158  stm32f1xx_hal_uart.o(.text.HAL_UART_Init)
    HAL_UART_MspInit                         0x08002d4d   Thumb Code   148  usart.o(.text.HAL_UART_MspInit)
    HardFault_Handler                        0x08002de1   Thumb Code     4  stm32f1xx_it.o(.text.HardFault_Handler)
    MX_ADC1_Init                             0x08002de5   Thumb Code   102  adc.o(.text.MX_ADC1_Init)
    MX_DMA_Init                              0x08002e4d   Thumb Code    56  dma.o(.text.MX_DMA_Init)
    MX_GPIO_Init                             0x08002e85   Thumb Code   210  gpio.o(.text.MX_GPIO_Init)
    MX_SPI2_Init                             0x08002f59   Thumb Code    78  spi.o(.text.MX_SPI2_Init)
    MX_TIM1_Init                             0x08002fa9   Thumb Code   138  tim.o(.text.MX_TIM1_Init)
    MX_TIM3_Init                             0x08003035   Thumb Code   134  tim.o(.text.MX_TIM3_Init)
    MX_USART2_UART_Init                      0x080030bd   Thumb Code    64  usart.o(.text.MX_USART2_UART_Init)
    MemManage_Handler                        0x080030fd   Thumb Code     4  stm32f1xx_it.o(.text.MemManage_Handler)
    NMI_Handler                              0x08003101   Thumb Code     4  stm32f1xx_it.o(.text.NMI_Handler)
    PendSV_Handler                           0x08003171   Thumb Code     2  stm32f1xx_it.o(.text.PendSV_Handler)
    SVC_Handler                              0x08003349   Thumb Code     2  stm32f1xx_it.o(.text.SVC_Handler)
    SysTick_Handler                          0x080033a1   Thumb Code     8  stm32f1xx_it.o(.text.SysTick_Handler)
    SystemClock_Config                       0x080033a9   Thumb Code   144  main.o(.text.SystemClock_Config)
    SystemInit                               0x08003439   Thumb Code     2  system_stm32f1xx.o(.text.SystemInit)
    TIM1_UP_IRQHandler                       0x0800343d   Thumb Code   224  stm32f1xx_it.o(.text.TIM1_UP_IRQHandler)
    TIM1_Update_Interrupt_Disable            0x0800351d   Thumb Code    34  user.o(.text.TIM1_Update_Interrupt_Disable)
    TIM1_Update_Interrupt_Enable             0x08003541   Thumb Code    48  user.o(.text.TIM1_Update_Interrupt_Enable)
    TIM_Base_SetConfig                       0x08003571   Thumb Code   262  stm32f1xx_hal_tim.o(.text.TIM_Base_SetConfig)
    TIM_ETR_SetConfig                        0x08003679   Thumb Code    52  stm32f1xx_hal_tim.o(.text.TIM_ETR_SetConfig)
    UsageFault_Handler                       0x08003839   Thumb Code     4  stm32f1xx_it.o(.text.UsageFault_Handler)
    atk_mo395q_cmd_check_exist               0x080038fd   Thumb Code    42  atk_mo395q_cmd.o(.text.atk_mo395q_cmd_check_exist)
    atk_mo395q_cmd_close_socket_sn           0x08003929   Thumb Code   110  atk_mo395q_cmd.o(.text.atk_mo395q_cmd_close_socket_sn)
    atk_mo395q_cmd_dhcp_enable               0x08003999   Thumb Code   110  atk_mo395q_cmd.o(.text.atk_mo395q_cmd_dhcp_enable)
    atk_mo395q_cmd_get_cmd_status            0x08003a09   Thumb Code    30  atk_mo395q_cmd.o(.text.atk_mo395q_cmd_get_cmd_status)
    atk_mo395q_cmd_get_dhcp_status           0x08003a29   Thumb Code    54  atk_mo395q_cmd.o(.text.atk_mo395q_cmd_get_dhcp_status)
    atk_mo395q_cmd_get_glob_int_status_all   0x08003a61   Thumb Code    54  atk_mo395q_cmd.o(.text.atk_mo395q_cmd_get_glob_int_status_all)
    atk_mo395q_cmd_get_ic_version            0x08003a99   Thumb Code    30  atk_mo395q_cmd.o(.text.atk_mo395q_cmd_get_ic_version)
    atk_mo395q_cmd_get_int_status_sn         0x08003ab9   Thumb Code    48  atk_mo395q_cmd.o(.text.atk_mo395q_cmd_get_int_status_sn)
    atk_mo395q_cmd_get_ip_inf                0x08003ae9   Thumb Code   190  atk_mo395q_cmd.o(.text.atk_mo395q_cmd_get_ip_inf)
    atk_mo395q_cmd_get_phy_status            0x08003ba9   Thumb Code    30  atk_mo395q_cmd.o(.text.atk_mo395q_cmd_get_phy_status)
    atk_mo395q_cmd_get_recv_len_sn           0x08003bc9   Thumb Code    60  atk_mo395q_cmd.o(.text.atk_mo395q_cmd_get_recv_len_sn)
    atk_mo395q_cmd_get_remot_ipp_sn          0x08003c05   Thumb Code    90  atk_mo395q_cmd.o(.text.atk_mo395q_cmd_get_remot_ipp_sn)
    atk_mo395q_cmd_init_ch395                0x08003c61   Thumb Code    98  atk_mo395q_cmd.o(.text.atk_mo395q_cmd_init_ch395)
    atk_mo395q_cmd_open_socket_sn            0x08003cc5   Thumb Code   110  atk_mo395q_cmd.o(.text.atk_mo395q_cmd_open_socket_sn)
    atk_mo395q_cmd_read_recv_buf_sn          0x08003d35   Thumb Code   118  atk_mo395q_cmd.o(.text.atk_mo395q_cmd_read_recv_buf_sn)
    atk_mo395q_cmd_reset_all                 0x08003dad   Thumb Code    14  atk_mo395q_cmd.o(.text.atk_mo395q_cmd_reset_all)
    atk_mo395q_cmd_set_des_port_sn           0x08003dbd   Thumb Code    50  atk_mo395q_cmd.o(.text.atk_mo395q_cmd_set_des_port_sn)
    atk_mo395q_cmd_set_gwip_addr             0x08003df1   Thumb Code    64  atk_mo395q_cmd.o(.text.atk_mo395q_cmd_set_gwip_addr)
    atk_mo395q_cmd_set_ip_addr               0x08003e31   Thumb Code    64  atk_mo395q_cmd.o(.text.atk_mo395q_cmd_set_ip_addr)
    atk_mo395q_cmd_set_ip_addr_sn            0x08003e71   Thumb Code    64  atk_mo395q_cmd.o(.text.atk_mo395q_cmd_set_ip_addr_sn)
    atk_mo395q_cmd_set_keep_live_cnt         0x08003eb1   Thumb Code    30  atk_mo395q_cmd.o(.text.atk_mo395q_cmd_set_keep_live_cnt)
    atk_mo395q_cmd_set_keep_live_idle        0x08003ed1   Thumb Code    52  atk_mo395q_cmd.o(.text.atk_mo395q_cmd_set_keep_live_idle)
    atk_mo395q_cmd_set_keep_live_intvl       0x08003f05   Thumb Code    52  atk_mo395q_cmd.o(.text.atk_mo395q_cmd_set_keep_live_intvl)
    atk_mo395q_cmd_set_keep_live_sn          0x08003f39   Thumb Code    42  atk_mo395q_cmd.o(.text.atk_mo395q_cmd_set_keep_live_sn)
    atk_mo395q_cmd_set_mask_addr             0x08003f65   Thumb Code    64  atk_mo395q_cmd.o(.text.atk_mo395q_cmd_set_mask_addr)
    atk_mo395q_cmd_set_proto_type_sn         0x08003fa5   Thumb Code    42  atk_mo395q_cmd.o(.text.atk_mo395q_cmd_set_proto_type_sn)
    atk_mo395q_cmd_set_sour_port_sn          0x08003fd1   Thumb Code    50  atk_mo395q_cmd.o(.text.atk_mo395q_cmd_set_sour_port_sn)
    atk_mo395q_cmd_set_ttl                   0x08004005   Thumb Code    42  atk_mo395q_cmd.o(.text.atk_mo395q_cmd_set_ttl)
    atk_mo395q_cmd_tcp_connect_sn            0x08004031   Thumb Code   110  atk_mo395q_cmd.o(.text.atk_mo395q_cmd_tcp_connect_sn)
    atk_mo395q_cmd_tcp_listen_sn             0x080040a1   Thumb Code   110  atk_mo395q_cmd.o(.text.atk_mo395q_cmd_tcp_listen_sn)
    atk_mo395q_cmd_write_send_buf_sn         0x08004111   Thumb Code   100  atk_mo395q_cmd.o(.text.atk_mo395q_cmd_write_send_buf_sn)
    atk_mo395q_handler                       0x08004279   Thumb Code  1382  atk_mo395q.o(.text.atk_mo395q_handler)
    atk_mo395q_init                          0x08004839   Thumb Code    96  atk_mo395q.o(.text.atk_mo395q_init)
    atk_mo395q_net_config                    0x080048b5   Thumb Code   226  atk_mo395q.o(.text.atk_mo395q_net_config)
    atk_mo395q_socket_config                 0x08004a01   Thumb Code   132  atk_mo395q.o(.text.atk_mo395q_socket_config)
    atk_mo395q_spi_init                      0x08004c95   Thumb Code    26  atk_mo395q_spi.o(.text.atk_mo395q_spi_init)
    atk_mo395q_spi_read_dat                  0x08004cb1   Thumb Code    22  atk_mo395q_spi.o(.text.atk_mo395q_spi_read_dat)
    atk_mo395q_spi_write_cmd                 0x08004ce5   Thumb Code    34  atk_mo395q_spi.o(.text.atk_mo395q_spi_write_cmd)
    atk_mo395q_spi_write_dat                 0x08004d09   Thumb Code    20  atk_mo395q_spi.o(.text.atk_mo395q_spi_write_dat)
    delay_init                               0x08004d5d   Thumb Code    44  delay.o(.text.delay_init)
    delay_ms                                 0x08004d89   Thumb Code    96  delay.o(.text.delay_ms)
    delay_us                                 0x08004de9   Thumb Code   140  delay.o(.text.delay_us)
    dhcp_success_cb                          0x08004e75   Thumb Code    18  user.o(.text.dhcp_success_cb)
    main                                     0x08004e89   Thumb Code    68  main.o(.text.main)
    phy_conn_cb                              0x08004ecd   Thumb Code    30  user.o(.text.phy_conn_cb)
    phy_disconn_cb                           0x08004eed   Thumb Code    14  user.o(.text.phy_disconn_cb)
    socket_recv_cb                           0x08004efd   Thumb Code    80  user.o(.text.socket_recv_cb)
    socket_send_buf_free_cb                  0x08004f4d   Thumb Code    32  user.o(.text.socket_send_buf_free_cb)
    system_init                              0x08004f6d   Thumb Code   246  user.o(.text.system_init)
    system_run                               0x08005065   Thumb Code     8  user.o(.text.system_run)
    __scatterload_copy                       0x0800506d   Thumb Code    14  handlers.o(i.__scatterload_copy)
    __scatterload_null                       0x0800507b   Thumb Code     2  handlers.o(i.__scatterload_null)
    __scatterload_zeroinit                   0x0800507d   Thumb Code    14  handlers.o(i.__scatterload_zeroinit)
    AHBPrescTable                            0x0800508a   Data          16  system_stm32f1xx.o(.rodata.AHBPrescTable)
    APBPrescTable                            0x0800509a   Data           8  system_stm32f1xx.o(.rodata.APBPrescTable)
    Region$$Table$$Base                      0x080050b4   Number         0  anon$$obj.o(Region$$Table)
    Region$$Table$$Limit                     0x080050d4   Number         0  anon$$obj.o(Region$$Table)
    GWIP                                     0x20000000   Data           4  user.o(.data.GWIP)
    IP                                       0x20000004   Data           4  user.o(.data.IP)
    Mask                                     0x20000008   Data           4  user.o(.data.Mask)
    SystemCoreClock                          0x2000000c   Data           4  system_stm32f1xx.o(.data.SystemCoreClock)
    call_name                                0x20000014   Data           2  user.o(.data.call_name)
    socket0_send_buf                         0x20000016   Data         128  user.o(.data.socket0_send_buf)
    socket0_send_done                        0x20000096   Data           1  user.o(.data.socket0_send_done)
    uwTickFreq                               0x20000097   Data           1  stm32f1xx_hal.o(.data.uwTickFreq)
    uwTickPrio                               0x20000098   Data           4  stm32f1xx_hal.o(.data.uwTickPrio)
    DataBuffer                               0x200000a0   Data           4  user.o(.bss.DataBuffer)
    hadc1                                    0x20000334   Data          48  adc.o(.bss.hadc1)
    hdma_adc1                                0x20000364   Data          68  adc.o(.bss.hdma_adc1)
    hspi2                                    0x200003a8   Data          88  spi.o(.bss.hspi2)
    htim1                                    0x20000400   Data          72  tim.o(.bss.htim1)
    htim3                                    0x20000448   Data          72  tim.o(.bss.htim3)
    huart2                                   0x20000490   Data          72  usart.o(.bss.huart2)
    socket0_recv_buf                         0x200004d8   Data        1024  user.o(.bss.socket0_recv_buf)
    socket_config                            0x200008d8   Data          60  user.o(.bss.socket_config)
    uwTick                                   0x20000914   Data           4  stm32f1xx_hal.o(.bss.uwTick)
    __initial_sp                             0x20000d18   Data           0  startup_stm32f103xb.o(STACK)



==============================================================================

Memory Map of the image

  Image Entry point : 0x080000ed

  Load Region LR_IROM1 (Base: 0x08000000, Size: 0x00005178, Max: 0x00010000, ABSOLUTE)

    Execution Region ER_IROM1 (Exec base: 0x08000000, Load base: 0x08000000, Size: 0x000050d4, Max: 0x00010000, ABSOLUTE)

    Exec Addr    Load Addr    Size         Type   Attr      Idx    E Section Name        Object

    0x08000000   0x08000000   0x000000ec   Data   RO            3    RESET               startup_stm32f103xb.o
    0x080000ec   0x080000ec   0x00000000   Code   RO         1446  * .ARM.Collect$$$$00000000  mc_w.l(entry.o)
    0x080000ec   0x080000ec   0x00000004   Code   RO         1455    .ARM.Collect$$$$00000001  mc_w.l(entry2.o)
    0x080000f0   0x080000f0   0x00000004   Code   RO         1458    .ARM.Collect$$$$00000004  mc_w.l(entry5.o)
    0x080000f4   0x080000f4   0x00000000   Code   RO         1460    .ARM.Collect$$$$00000008  mc_w.l(entry7b.o)
    0x080000f4   0x080000f4   0x00000000   Code   RO         1462    .ARM.Collect$$$$0000000A  mc_w.l(entry8b.o)
    0x080000f4   0x080000f4   0x00000008   Code   RO         1463    .ARM.Collect$$$$0000000B  mc_w.l(entry9a.o)
    0x080000fc   0x080000fc   0x00000000   Code   RO         1465    .ARM.Collect$$$$0000000D  mc_w.l(entry10a.o)
    0x080000fc   0x080000fc   0x00000000   Code   RO         1467    .ARM.Collect$$$$0000000F  mc_w.l(entry11a.o)
    0x080000fc   0x080000fc   0x00000004   Code   RO         1456    .ARM.Collect$$$$00002712  mc_w.l(entry2.o)
    0x08000100   0x08000100   0x00000024   Code   RO            4    .text               startup_stm32f103xb.o
    0x08000124   0x08000124   0x00000024   Code   RO         1449    .text               mc_w.l(memcpya.o)
    0x08000148   0x08000148   0x00000024   Code   RO         1451    .text               mc_w.l(memseta.o)
    0x0800016c   0x0800016c   0x00000030   Code   RO         1469    .text               mc_w.l(init.o)
    0x0800019c   0x0800019c   0x00000082   Code   RO          191    .text.ADC_ConversionStop_Disable  stm32f1xx_hal_adc.o
    0x0800021e   0x0800021e   0x00000002   PAD
    0x08000220   0x08000220   0x00000078   Code   RO          213    .text.ADC_DMAConvCplt  stm32f1xx_hal_adc.o
    0x08000298   0x08000298   0x0000002a   Code   RO          217    .text.ADC_DMAError  stm32f1xx_hal_adc.o
    0x080002c2   0x080002c2   0x00000002   PAD
    0x080002c4   0x080002c4   0x00000016   Code   RO          215    .text.ADC_DMAHalfConvCplt  stm32f1xx_hal_adc.o
    0x080002da   0x080002da   0x00000002   PAD
    0x080002dc   0x080002dc   0x000000bc   Code   RO          199    .text.ADC_Enable    stm32f1xx_hal_adc.o
    0x08000398   0x08000398   0x00000004   Code   RO          143    .text.BusFault_Handler  stm32f1xx_it.o
    0x0800039c   0x0800039c   0x00000010   Code   RO          155    .text.DMA1_Channel1_IRQHandler  stm32f1xx_it.o
    0x080003ac   0x080003ac   0x00000050   Code   RO          424    .text.DMA_SetConfig  stm32f1xx_hal_dma.o
    0x080003fc   0x080003fc   0x000000a4   Code   RO           23    .text.Deal_Recv     user.o
    0x080004a0   0x080004a0   0x00000002   Code   RO          149    .text.DebugMon_Handler  stm32f1xx_it.o
    0x080004a2   0x080004a2   0x00000002   PAD
    0x080004a4   0x080004a4   0x0000000e   Code   RO           51    .text.Error_Handler  main.o
    0x080004b2   0x080004b2   0x00000002   PAD
    0x080004b4   0x080004b4   0x000001b4   Code   RO          233    .text.HAL_ADC_ConfigChannel  stm32f1xx_hal_adc.o
    0x08000668   0x08000668   0x00000008   Code   RO          225    .text.HAL_ADC_ConvCpltCallback  stm32f1xx_hal_adc.o
    0x08000670   0x08000670   0x00000008   Code   RO          229    .text.HAL_ADC_ConvHalfCpltCallback  stm32f1xx_hal_adc.o
    0x08000678   0x08000678   0x00000008   Code   RO          231    .text.HAL_ADC_ErrorCallback  stm32f1xx_hal_adc.o
    0x08000680   0x08000680   0x00000212   Code   RO          187    .text.HAL_ADC_Init  stm32f1xx_hal_adc.o
    0x08000892   0x08000892   0x00000002   PAD
    0x08000894   0x08000894   0x0000008c   Code   RO           71    .text.HAL_ADC_MspInit  adc.o
    0x08000920   0x08000920   0x00000226   Code   RO          211    .text.HAL_ADC_Start_DMA  stm32f1xx_hal_adc.o
    0x08000b46   0x08000b46   0x00000002   PAD
    0x08000b48   0x08000b48   0x00000286   Code   RO          434    .text.HAL_DMA_IRQHandler  stm32f1xx_hal_dma.o
    0x08000dce   0x08000dce   0x00000002   PAD
    0x08000dd0   0x08000dd0   0x000000ae   Code   RO          418    .text.HAL_DMA_Init  stm32f1xx_hal_dma.o
    0x08000e7e   0x08000e7e   0x00000002   PAD
    0x08000e80   0x08000e80   0x000000ca   Code   RO          426    .text.HAL_DMA_Start_IT  stm32f1xx_hal_dma.o
    0x08000f4a   0x08000f4a   0x00000002   PAD
    0x08000f4c   0x08000f4c   0x00000012   Code   RO         1437    .text.HAL_Delay     delay.o
    0x08000f5e   0x08000f5e   0x00000002   PAD
    0x08000f60   0x08000f60   0x0000031e   Code   RO          395    .text.HAL_GPIO_Init  stm32f1xx_hal_gpio.o
    0x0800127e   0x0800127e   0x00000002   PAD
    0x08001280   0x08001280   0x0000002e   Code   RO          399    .text.HAL_GPIO_ReadPin  stm32f1xx_hal_gpio.o
    0x080012ae   0x080012ae   0x00000002   PAD
    0x080012b0   0x080012b0   0x0000002e   Code   RO          401    .text.HAL_GPIO_WritePin  stm32f1xx_hal_gpio.o
    0x080012de   0x080012de   0x00000002   PAD
    0x080012e0   0x080012e0   0x0000000c   Code   RO          293    .text.HAL_GetTick   stm32f1xx_hal.o
    0x080012ec   0x080012ec   0x0000001a   Code   RO          291    .text.HAL_IncTick   stm32f1xx_hal.o
    0x08001306   0x08001306   0x00000002   PAD
    0x08001308   0x08001308   0x00000026   Code   RO          281    .text.HAL_Init      stm32f1xx_hal.o
    0x0800132e   0x0800132e   0x00000002   PAD
    0x08001330   0x08001330   0x00000070   Code   RO          283    .text.HAL_InitTick  stm32f1xx_hal.o
    0x080013a0   0x080013a0   0x00000064   Code   RO          166    .text.HAL_MspInit   stm32f1xx_hal_msp.o
    0x08001404   0x08001404   0x00000014   Code   RO          463    .text.HAL_NVIC_EnableIRQ  stm32f1xx_hal_cortex.o
    0x08001418   0x08001418   0x00000032   Code   RO          455    .text.HAL_NVIC_SetPriority  stm32f1xx_hal_cortex.o
    0x0800144a   0x0800144a   0x00000002   PAD
    0x0800144c   0x0800144c   0x00000010   Code   RO          451    .text.HAL_NVIC_SetPriorityGrouping  stm32f1xx_hal_cortex.o
    0x0800145c   0x0800145c   0x000001c8   Code   RO          380    .text.HAL_RCCEx_PeriphCLKConfig  stm32f1xx_hal_rcc_ex.o
    0x08001624   0x08001624   0x00000256   Code   RO          347    .text.HAL_RCC_ClockConfig  stm32f1xx_hal_rcc.o
    0x0800187a   0x0800187a   0x00000002   PAD
    0x0800187c   0x0800187c   0x0000000c   Code   RO          357    .text.HAL_RCC_GetHCLKFreq  stm32f1xx_hal_rcc.o
    0x08001888   0x08001888   0x00000022   Code   RO          359    .text.HAL_RCC_GetPCLK1Freq  stm32f1xx_hal_rcc.o
    0x080018aa   0x080018aa   0x00000002   PAD
    0x080018ac   0x080018ac   0x00000022   Code   RO          361    .text.HAL_RCC_GetPCLK2Freq  stm32f1xx_hal_rcc.o
    0x080018ce   0x080018ce   0x00000002   PAD
    0x080018d0   0x080018d0   0x000000bc   Code   RO          349    .text.HAL_RCC_GetSysClockFreq  stm32f1xx_hal_rcc.o
    0x0800198c   0x0800198c   0x0000067a   Code   RO          343    .text.HAL_RCC_OscConfig  stm32f1xx_hal_rcc.o
    0x08002006   0x08002006   0x00000002   PAD
    0x08002008   0x08002008   0x000000fa   Code   RO          659    .text.HAL_SPI_Init  stm32f1xx_hal_spi.o
    0x08002102   0x08002102   0x00000002   PAD
    0x08002104   0x08002104   0x00000098   Code   RO           94    .text.HAL_SPI_MspInit  spi.o
    0x0800219c   0x0800219c   0x000003a2   Code   RO          673    .text.HAL_SPI_TransmitReceive  stm32f1xx_hal_spi.o
    0x0800253e   0x0800253e   0x00000002   PAD
    0x08002540   0x08002540   0x00000034   Code   RO          503    .text.HAL_SYSTICK_CLKSourceConfig  stm32f1xx_hal_cortex.o
    0x08002574   0x08002574   0x00000010   Code   RO          475    .text.HAL_SYSTICK_Config  stm32f1xx_hal_cortex.o
    0x08002584   0x08002584   0x00000008   Code   RO         1099    .text.HAL_TIMEx_BreakCallback  stm32f1xx_hal_tim_ex.o
    0x0800258c   0x0800258c   0x00000008   Code   RO         1095    .text.HAL_TIMEx_CommutCallback  stm32f1xx_hal_tim_ex.o
    0x08002594   0x08002594   0x000000dc   Code   RO         1089    .text.HAL_TIMEx_MasterConfigSynchronization  stm32f1xx_hal_tim_ex.o
    0x08002670   0x08002670   0x0000009c   Code   RO          776    .text.HAL_TIM_Base_Init  stm32f1xx_hal_tim.o
    0x0800270c   0x0800270c   0x00000082   Code   RO          110    .text.HAL_TIM_Base_MspInit  tim.o
    0x0800278e   0x0800278e   0x00000002   PAD
    0x08002790   0x08002790   0x000000a4   Code   RO          786    .text.HAL_TIM_Base_Start  stm32f1xx_hal_tim.o
    0x08002834   0x08002834   0x000000b0   Code   RO          790    .text.HAL_TIM_Base_Start_IT  stm32f1xx_hal_tim.o
    0x080028e4   0x080028e4   0x00000184   Code   RO          968    .text.HAL_TIM_ConfigClockSource  stm32f1xx_hal_tim.o
    0x08002a68   0x08002a68   0x00000008   Code   RO          912    .text.HAL_TIM_IC_CaptureCallback  stm32f1xx_hal_tim.o
    0x08002a70   0x08002a70   0x0000021a   Code   RO          910    .text.HAL_TIM_IRQHandler  stm32f1xx_hal_tim.o
    0x08002c8a   0x08002c8a   0x00000002   PAD
    0x08002c8c   0x08002c8c   0x00000008   Code   RO          914    .text.HAL_TIM_OC_DelayElapsedCallback  stm32f1xx_hal_tim.o
    0x08002c94   0x08002c94   0x00000008   Code   RO          916    .text.HAL_TIM_PWM_PulseFinishedCallback  stm32f1xx_hal_tim.o
    0x08002c9c   0x08002c9c   0x00000008   Code   RO          918    .text.HAL_TIM_PeriodElapsedCallback  stm32f1xx_hal_tim.o
    0x08002ca4   0x08002ca4   0x00000008   Code   RO          920    .text.HAL_TIM_TriggerCallback  stm32f1xx_hal_tim.o
    0x08002cac   0x08002cac   0x0000009e   Code   RO         1112    .text.HAL_UART_Init  stm32f1xx_hal_uart.o
    0x08002d4a   0x08002d4a   0x00000002   PAD
    0x08002d4c   0x08002d4c   0x00000094   Code   RO          125    .text.HAL_UART_MspInit  usart.o
    0x08002de0   0x08002de0   0x00000004   Code   RO          139    .text.HardFault_Handler  stm32f1xx_it.o
    0x08002de4   0x08002de4   0x00000066   Code   RO           69    .text.MX_ADC1_Init  adc.o
    0x08002e4a   0x08002e4a   0x00000002   PAD
    0x08002e4c   0x08002e4c   0x00000038   Code   RO           84    .text.MX_DMA_Init   dma.o
    0x08002e84   0x08002e84   0x000000d2   Code   RO           61    .text.MX_GPIO_Init  gpio.o
    0x08002f56   0x08002f56   0x00000002   PAD
    0x08002f58   0x08002f58   0x0000004e   Code   RO           92    .text.MX_SPI2_Init  spi.o
    0x08002fa6   0x08002fa6   0x00000002   PAD
    0x08002fa8   0x08002fa8   0x0000008a   Code   RO          106    .text.MX_TIM1_Init  tim.o
    0x08003032   0x08003032   0x00000002   PAD
    0x08003034   0x08003034   0x00000086   Code   RO          108    .text.MX_TIM3_Init  tim.o
    0x080030ba   0x080030ba   0x00000002   PAD
    0x080030bc   0x080030bc   0x00000040   Code   RO          123    .text.MX_USART2_UART_Init  usart.o
    0x080030fc   0x080030fc   0x00000004   Code   RO          141    .text.MemManage_Handler  stm32f1xx_it.o
    0x08003100   0x08003100   0x00000004   Code   RO          137    .text.NMI_Handler   stm32f1xx_it.o
    0x08003104   0x08003104   0x0000006c   Code   RO          461    .text.NVIC_EncodePriority  stm32f1xx_hal_cortex.o
    0x08003170   0x08003170   0x00000002   Code   RO          151    .text.PendSV_Handler  stm32f1xx_it.o
    0x08003172   0x08003172   0x00000002   PAD
    0x08003174   0x08003174   0x0000003a   Code   RO          345    .text.RCC_Delay     stm32f1xx_hal_rcc.o
    0x080031ae   0x080031ae   0x00000002   PAD
    0x080031b0   0x080031b0   0x0000006a   Code   RO          669    .text.SPI_EndRxTxTransaction  stm32f1xx_hal_spi.o
    0x0800321a   0x0800321a   0x00000002   PAD
    0x0800321c   0x0800321c   0x0000012a   Code   RO          767    .text.SPI_WaitFlagStateUntilTimeout  stm32f1xx_hal_spi.o
    0x08003346   0x08003346   0x00000002   PAD
    0x08003348   0x08003348   0x00000002   Code   RO          147    .text.SVC_Handler   stm32f1xx_it.o
    0x0800334a   0x0800334a   0x00000002   PAD
    0x0800334c   0x0800334c   0x00000052   Code   RO          477    .text.SysTick_Config  stm32f1xx_hal_cortex.o
    0x0800339e   0x0800339e   0x00000002   PAD
    0x080033a0   0x080033a0   0x00000008   Code   RO          153    .text.SysTick_Handler  stm32f1xx_it.o
    0x080033a8   0x080033a8   0x00000090   Code   RO           49    .text.SystemClock_Config  main.o
    0x08003438   0x08003438   0x00000002   Code   RO         1243    .text.SystemInit    system_stm32f1xx.o
    0x0800343a   0x0800343a   0x00000002   PAD
    0x0800343c   0x0800343c   0x000000e0   Code   RO          157    .text.TIM1_UP_IRQHandler  stm32f1xx_it.o
    0x0800351c   0x0800351c   0x00000022   Code   RO           29    .text.TIM1_Update_Interrupt_Disable  user.o
    0x0800353e   0x0800353e   0x00000002   PAD
    0x08003540   0x08003540   0x00000030   Code   RO           13    .text.TIM1_Update_Interrupt_Enable  user.o
    0x08003570   0x08003570   0x00000106   Code   RO          780    .text.TIM_Base_SetConfig  stm32f1xx_hal_tim.o
    0x08003676   0x08003676   0x00000002   PAD
    0x08003678   0x08003678   0x00000034   Code   RO          966    .text.TIM_ETR_SetConfig  stm32f1xx_hal_tim.o
    0x080036ac   0x080036ac   0x0000002a   Code   RO          972    .text.TIM_ITRx_SetConfig  stm32f1xx_hal_tim.o
    0x080036d6   0x080036d6   0x00000002   PAD
    0x080036d8   0x080036d8   0x00000050   Code   RO          970    .text.TIM_TI1_ConfigInputStage  stm32f1xx_hal_tim.o
    0x08003728   0x08003728   0x00000052   Code   RO          974    .text.TIM_TI2_ConfigInputStage  stm32f1xx_hal_tim.o
    0x0800377a   0x0800377a   0x00000002   PAD
    0x0800377c   0x0800377c   0x000000ba   Code   RO         1116    .text.UART_SetConfig  stm32f1xx_hal_uart.o
    0x08003836   0x08003836   0x00000002   PAD
    0x08003838   0x08003838   0x00000004   Code   RO          145    .text.UsageFault_Handler  stm32f1xx_it.o
    0x0800383c   0x0800383c   0x00000030   Code   RO          465    .text.__NVIC_EnableIRQ  stm32f1xx_hal_cortex.o
    0x0800386c   0x0800386c   0x00000010   Code   RO          457    .text.__NVIC_GetPriorityGrouping  stm32f1xx_hal_cortex.o
    0x0800387c   0x0800387c   0x00000042   Code   RO          459    .text.__NVIC_SetPriority  stm32f1xx_hal_cortex.o
    0x080038be   0x080038be   0x00000002   PAD
    0x080038c0   0x080038c0   0x0000003c   Code   RO          453    .text.__NVIC_SetPriorityGrouping  stm32f1xx_hal_cortex.o
    0x080038fc   0x080038fc   0x0000002a   Code   RO         1300    .text.atk_mo395q_cmd_check_exist  atk_mo395q_cmd.o
    0x08003926   0x08003926   0x00000002   PAD
    0x08003928   0x08003928   0x0000006e   Code   RO         1358    .text.atk_mo395q_cmd_close_socket_sn  atk_mo395q_cmd.o
    0x08003996   0x08003996   0x00000002   PAD
    0x08003998   0x08003998   0x0000006e   Code   RO         1366    .text.atk_mo395q_cmd_dhcp_enable  atk_mo395q_cmd.o
    0x08003a06   0x08003a06   0x00000002   PAD
    0x08003a08   0x08003a08   0x0000001e   Code   RO         1318    .text.atk_mo395q_cmd_get_cmd_status  atk_mo395q_cmd.o
    0x08003a26   0x08003a26   0x00000002   PAD
    0x08003a28   0x08003a28   0x00000036   Code   RO         1368    .text.atk_mo395q_cmd_get_dhcp_status  atk_mo395q_cmd.o
    0x08003a5e   0x08003a5e   0x00000002   PAD
    0x08003a60   0x08003a60   0x00000036   Code   RO         1298    .text.atk_mo395q_cmd_get_glob_int_status_all  atk_mo395q_cmd.o
    0x08003a96   0x08003a96   0x00000002   PAD
    0x08003a98   0x08003a98   0x0000001e   Code   RO         1290    .text.atk_mo395q_cmd_get_ic_version  atk_mo395q_cmd.o
    0x08003ab6   0x08003ab6   0x00000002   PAD
    0x08003ab8   0x08003ab8   0x00000030   Code   RO         1334    .text.atk_mo395q_cmd_get_int_status_sn  atk_mo395q_cmd.o
    0x08003ae8   0x08003ae8   0x000000be   Code   RO         1370    .text.atk_mo395q_cmd_get_ip_inf  atk_mo395q_cmd.o
    0x08003ba6   0x08003ba6   0x00000002   PAD
    0x08003ba8   0x08003ba8   0x0000001e   Code   RO         1314    .text.atk_mo395q_cmd_get_phy_status  atk_mo395q_cmd.o
    0x08003bc6   0x08003bc6   0x00000002   PAD
    0x08003bc8   0x08003bc8   0x0000003c   Code   RO         1354    .text.atk_mo395q_cmd_get_recv_len_sn  atk_mo395q_cmd.o
    0x08003c04   0x08003c04   0x0000005a   Code   RO         1328    .text.atk_mo395q_cmd_get_remot_ipp_sn  atk_mo395q_cmd.o
    0x08003c5e   0x08003c5e   0x00000002   PAD
    0x08003c60   0x08003c60   0x00000062   Code   RO         1316    .text.atk_mo395q_cmd_init_ch395  atk_mo395q_cmd.o
    0x08003cc2   0x08003cc2   0x00000002   PAD
    0x08003cc4   0x08003cc4   0x0000006e   Code   RO         1344    .text.atk_mo395q_cmd_open_socket_sn  atk_mo395q_cmd.o
    0x08003d32   0x08003d32   0x00000002   PAD
    0x08003d34   0x08003d34   0x00000076   Code   RO         1356    .text.atk_mo395q_cmd_read_recv_buf_sn  atk_mo395q_cmd.o
    0x08003daa   0x08003daa   0x00000002   PAD
    0x08003dac   0x08003dac   0x0000000e   Code   RO         1296    .text.atk_mo395q_cmd_reset_all  atk_mo395q_cmd.o
    0x08003dba   0x08003dba   0x00000002   PAD
    0x08003dbc   0x08003dbc   0x00000032   Code   RO         1338    .text.atk_mo395q_cmd_set_des_port_sn  atk_mo395q_cmd.o
    0x08003dee   0x08003dee   0x00000002   PAD
    0x08003df0   0x08003df0   0x00000040   Code   RO         1308    .text.atk_mo395q_cmd_set_gwip_addr  atk_mo395q_cmd.o
    0x08003e30   0x08003e30   0x00000040   Code   RO         1306    .text.atk_mo395q_cmd_set_ip_addr  atk_mo395q_cmd.o
    0x08003e70   0x08003e70   0x00000040   Code   RO         1336    .text.atk_mo395q_cmd_set_ip_addr_sn  atk_mo395q_cmd.o
    0x08003eb0   0x08003eb0   0x0000001e   Code   RO         1386    .text.atk_mo395q_cmd_set_keep_live_cnt  atk_mo395q_cmd.o
    0x08003ece   0x08003ece   0x00000002   PAD
    0x08003ed0   0x08003ed0   0x00000034   Code   RO         1382    .text.atk_mo395q_cmd_set_keep_live_idle  atk_mo395q_cmd.o
    0x08003f04   0x08003f04   0x00000034   Code   RO         1384    .text.atk_mo395q_cmd_set_keep_live_intvl  atk_mo395q_cmd.o
    0x08003f38   0x08003f38   0x0000002a   Code   RO         1388    .text.atk_mo395q_cmd_set_keep_live_sn  atk_mo395q_cmd.o
    0x08003f62   0x08003f62   0x00000002   PAD
    0x08003f64   0x08003f64   0x00000040   Code   RO         1310    .text.atk_mo395q_cmd_set_mask_addr  atk_mo395q_cmd.o
    0x08003fa4   0x08003fa4   0x0000002a   Code   RO         1342    .text.atk_mo395q_cmd_set_proto_type_sn  atk_mo395q_cmd.o
    0x08003fce   0x08003fce   0x00000002   PAD
    0x08003fd0   0x08003fd0   0x00000032   Code   RO         1340    .text.atk_mo395q_cmd_set_sour_port_sn  atk_mo395q_cmd.o
    0x08004002   0x08004002   0x00000002   PAD
    0x08004004   0x08004004   0x0000002a   Code   RO         1374    .text.atk_mo395q_cmd_set_ttl  atk_mo395q_cmd.o
    0x0800402e   0x0800402e   0x00000002   PAD
    0x08004030   0x08004030   0x0000006e   Code   RO         1348    .text.atk_mo395q_cmd_tcp_connect_sn  atk_mo395q_cmd.o
    0x0800409e   0x0800409e   0x00000002   PAD
    0x080040a0   0x080040a0   0x0000006e   Code   RO         1346    .text.atk_mo395q_cmd_tcp_listen_sn  atk_mo395q_cmd.o
    0x0800410e   0x0800410e   0x00000002   PAD
    0x08004110   0x08004110   0x00000064   Code   RO         1352    .text.atk_mo395q_cmd_write_send_buf_sn  atk_mo395q_cmd.o
    0x08004174   0x08004174   0x00000102   Code   RO         1271    .text.atk_mo395q_global_interrupt_handler  atk_mo395q.o
    0x08004276   0x08004276   0x00000002   PAD
    0x08004278   0x08004278   0x00000566   Code   RO         1269    .text.atk_mo395q_handler  atk_mo395q.o
    0x080047de   0x080047de   0x00000002   PAD
    0x080047e0   0x080047e0   0x0000001a   Code   RO         1259    .text.atk_mo395q_hw_init  atk_mo395q.o
    0x080047fa   0x080047fa   0x00000002   PAD
    0x080047fc   0x080047fc   0x0000003c   Code   RO         1261    .text.atk_mo395q_hw_reset  atk_mo395q.o
    0x08004838   0x08004838   0x00000060   Code   RO         1257    .text.atk_mo395q_init  atk_mo395q.o
    0x08004898   0x08004898   0x0000001a   Code   RO         1265    .text.atk_mo395q_keeplive_init  atk_mo395q.o
    0x080048b2   0x080048b2   0x00000002   PAD
    0x080048b4   0x080048b4   0x000000e2   Code   RO         1273    .text.atk_mo395q_net_config  atk_mo395q.o
    0x08004996   0x08004996   0x00000002   PAD
    0x08004998   0x08004998   0x00000066   Code   RO         1267    .text.atk_mo395q_parameter_init  atk_mo395q.o
    0x080049fe   0x080049fe   0x00000002   PAD
    0x08004a00   0x08004a00   0x00000084   Code   RO         1275    .text.atk_mo395q_socket_config  atk_mo395q.o
    0x08004a84   0x08004a84   0x000001d8   Code   RO         1277    .text.atk_mo395q_socket_interrupt_handler  atk_mo395q.o
    0x08004c5c   0x08004c5c   0x0000001a   Code   RO         1400    .text.atk_mo395q_spi_end_cmd  atk_mo395q_cmd.o
    0x08004c76   0x08004c76   0x00000002   PAD
    0x08004c78   0x08004c78   0x0000001a   Code   RO         1419    .text.atk_mo395q_spi_end_cmd  atk_mo395q_spi.o
    0x08004c92   0x08004c92   0x00000002   PAD
    0x08004c94   0x08004c94   0x0000001a   Code   RO         1409    .text.atk_mo395q_spi_init  atk_mo395q_spi.o
    0x08004cae   0x08004cae   0x00000002   PAD
    0x08004cb0   0x08004cb0   0x00000016   Code   RO         1417    .text.atk_mo395q_spi_read_dat  atk_mo395q_spi.o
    0x08004cc6   0x08004cc6   0x00000002   PAD
    0x08004cc8   0x08004cc8   0x0000001a   Code   RO         1421    .text.atk_mo395q_spi_start_cmd  atk_mo395q_spi.o
    0x08004ce2   0x08004ce2   0x00000002   PAD
    0x08004ce4   0x08004ce4   0x00000022   Code   RO         1411    .text.atk_mo395q_spi_write_cmd  atk_mo395q_spi.o
    0x08004d06   0x08004d06   0x00000002   PAD
    0x08004d08   0x08004d08   0x00000014   Code   RO         1415    .text.atk_mo395q_spi_write_dat  atk_mo395q_spi.o
    0x08004d1c   0x08004d1c   0x0000002e   Code   RO         1413    .text.atk_mo395q_spi_write_read_byte  atk_mo395q_spi.o
    0x08004d4a   0x08004d4a   0x00000002   PAD
    0x08004d4c   0x08004d4c   0x0000000e   Code   RO         1263    .text.atk_mo395q_sw_reset  atk_mo395q.o
    0x08004d5a   0x08004d5a   0x00000002   PAD
    0x08004d5c   0x08004d5c   0x0000002c   Code   RO         1431    .text.delay_init    delay.o
    0x08004d88   0x08004d88   0x00000060   Code   RO         1435    .text.delay_ms      delay.o
    0x08004de8   0x08004de8   0x0000008c   Code   RO         1433    .text.delay_us      delay.o
    0x08004e74   0x08004e74   0x00000012   Code   RO           17    .text.dhcp_success_cb  user.o
    0x08004e86   0x08004e86   0x00000002   PAD
    0x08004e88   0x08004e88   0x00000044   Code   RO           47    .text.main          main.o
    0x08004ecc   0x08004ecc   0x0000001e   Code   RO           11    .text.phy_conn_cb   user.o
    0x08004eea   0x08004eea   0x00000002   PAD
    0x08004eec   0x08004eec   0x0000000e   Code   RO           15    .text.phy_disconn_cb  user.o
    0x08004efa   0x08004efa   0x00000002   PAD
    0x08004efc   0x08004efc   0x00000050   Code   RO           21    .text.socket_recv_cb  user.o
    0x08004f4c   0x08004f4c   0x00000020   Code   RO           19    .text.socket_send_buf_free_cb  user.o
    0x08004f6c   0x08004f6c   0x000000f6   Code   RO           25    .text.system_init   user.o
    0x08005062   0x08005062   0x00000002   PAD
    0x08005064   0x08005064   0x00000008   Code   RO           27    .text.system_run    user.o
    0x0800506c   0x0800506c   0x0000000e   Code   RO         1473    i.__scatterload_copy  mc_w.l(handlers.o)
    0x0800507a   0x0800507a   0x00000002   Code   RO         1474    i.__scatterload_null  mc_w.l(handlers.o)
    0x0800507c   0x0800507c   0x0000000e   Code   RO         1475    i.__scatterload_zeroinit  mc_w.l(handlers.o)
    0x0800508a   0x0800508a   0x00000010   Data   RO         1248    .rodata.AHBPrescTable  system_stm32f1xx.o
    0x0800509a   0x0800509a   0x00000008   Data   RO         1249    .rodata.APBPrescTable  system_stm32f1xx.o
    0x080050a2   0x080050a2   0x00000010   Data   RO          371    .rodata.HAL_RCC_GetSysClockFreq.aPLLMULFactorTable  stm32f1xx_hal_rcc.o
    0x080050b2   0x080050b2   0x00000002   Data   RO          372    .rodata.HAL_RCC_GetSysClockFreq.aPredivFactorTable  stm32f1xx_hal_rcc.o
    0x080050b4   0x080050b4   0x00000020   Data   RO         1472    Region$$Table       anon$$obj.o


    Execution Region RW_IRAM1 (Exec base: 0x20000000, Load base: 0x080050d8, Size: 0x00000d18, Max: 0x00005000, ABSOLUTE)

    Exec Addr    Load Addr    Size         Type   Attr      Idx    E Section Name        Object

    0x20000000   0x080050d8   0x00000004   Data   RW           33    .data.GWIP          user.o
    0x20000004   0x080050dc   0x00000004   Data   RW           32    .data.IP            user.o
    0x20000008   0x080050e0   0x00000004   Data   RW           34    .data.Mask          user.o
    0x2000000c   0x080050e4   0x00000004   Data   RW         1247    .data.SystemCoreClock  system_stm32f1xx.o
    0x20000010   0x080050e8   0x00000001   Data   RW         1280    .data.atk_mo395q_handler.last_dhcp_status  atk_mo395q.o
    0x20000011   0x080050e9   0x00000001   Data   RW         1279    .data.atk_mo395q_handler.last_phy_status  atk_mo395q.o
    0x20000012   0x080050ea   0x00000001   Data   RW         1281    .data.atk_mo395q_handler.last_static_status  atk_mo395q.o
    0x20000013   0x080050eb   0x00000001   PAD
    0x20000014   0x080050ec   0x00000002   Data   RW           37    .data.call_name     user.o
    0x20000016   0x080050ee   0x00000080   Data   RW           35    .data.socket0_send_buf  user.o
    0x20000096   0x0800516e   0x00000001   Data   RW           36    .data.socket0_send_done  user.o
    0x20000097   0x0800516f   0x00000001   Data   RW          332    .data.uwTickFreq    stm32f1xx_hal.o
    0x20000098   0x08005170   0x00000004   Data   RW          331    .data.uwTickPrio    stm32f1xx_hal.o
    0x2000009c   0x08005174   0x00000004   PAD
    0x200000a0        -       0x00000004   Zero   RW           38    .bss.DataBuffer     user.o
    0x200000a4        -       0x00000058   Zero   RW         1423    .bss.g_atk_mo395q_spi  atk_mo395q_spi.o
    0x200000fc        -       0x00000234   Zero   RW         1282    .bss.g_atk_mo395q_sta  atk_mo395q.o
    0x20000330        -       0x00000002   Zero   RW         1439    .bss.g_fac_us       delay.o
    0x20000332   0x08005174   0x00000002   PAD
    0x20000334        -       0x00000030   Zero   RW           75    .bss.hadc1          adc.o
    0x20000364        -       0x00000044   Zero   RW           76    .bss.hdma_adc1      adc.o
    0x200003a8        -       0x00000058   Zero   RW           98    .bss.hspi2          spi.o
    0x20000400        -       0x00000048   Zero   RW          114    .bss.htim1          tim.o
    0x20000448        -       0x00000048   Zero   RW          115    .bss.htim3          tim.o
    0x20000490        -       0x00000048   Zero   RW          129    .bss.huart2         usart.o
    0x200004d8        -       0x00000400   Zero   RW           39    .bss.socket0_recv_buf  user.o
    0x200008d8        -       0x0000003c   Zero   RW           31    .bss.socket_config  user.o
    0x20000914        -       0x00000004   Zero   RW          333    .bss.uwTick         stm32f1xx_hal.o
    0x20000918        -       0x00000400   Zero   RW            1    STACK               startup_stm32f103xb.o


==============================================================================

Image component sizes


      Code (inc. data)   RO Data    RW Data    ZI Data      Debug   Object Name

       242          0          0          0        116       3603   adc.o
      2794          0          0          3        564       5536   atk_mo395q.o
      2150          0          0          0          0      11812   atk_mo395q_cmd.o
       200          0          0          0         88       4176   atk_mo395q_spi.o
       298          0          0          0          2       1479   delay.o
        56          0          0          0          0       2017   dma.o
       210          0          0          0          0       1569   gpio.o
       226          0          0          0          0       1921   main.o
       230          0          0          0         88       4102   spi.o
        36          8        236          0       1024        812   startup_stm32f103xb.o
       188          0          0          5          4       5579   stm32f1xx_hal.o
      2042          0          0          0          0       9418   stm32f1xx_hal_adc.o
       534          0          0          0          0       7565   stm32f1xx_hal_cortex.o
      1102          0          0          0          0       6318   stm32f1xx_hal_dma.o
       890          0          0          0          0       4243   stm32f1xx_hal_gpio.o
       100          0          0          0          0       1217   stm32f1xx_hal_msp.o
      2582          0         18          0          0       7444   stm32f1xx_hal_rcc.o
       456          0          0          0          0       3141   stm32f1xx_hal_rcc_ex.o
      1584          0          0          0          0      18950   stm32f1xx_hal_spi.o
      1980          0          0          0          0      35681   stm32f1xx_hal_tim.o
       236          0          0          0          0      15126   stm32f1xx_hal_tim_ex.o
       344          0          0          0          0      20070   stm32f1xx_hal_uart.o
       274          4          0          0          0       1551   stm32f1xx_it.o
         2          0         24          4          0       1586   system_stm32f1xx.o
       402          0          0          0        144       5902   tim.o
       212          0          0          0         72       4113   usart.o
       674          0          0        143       1088       4601   user.o

    ----------------------------------------------------------------------
     20212         12        310        156       3196     189532   Object Totals
         0          0         32          0          0          0   (incl. Generated)
       168          0          0          1          6          0   (incl. Padding)

    ----------------------------------------------------------------------

      Code (inc. data)   RO Data    RW Data    ZI Data      Debug   Library Member Name

         0          0          0          0          0          0   entry.o
         0          0          0          0          0          0   entry10a.o
         0          0          0          0          0          0   entry11a.o
         8          4          0          0          0          0   entry2.o
         4          0          0          0          0          0   entry5.o
         0          0          0          0          0          0   entry7b.o
         0          0          0          0          0          0   entry8b.o
         8          4          0          0          0          0   entry9a.o
        30          0          0          0          0          0   handlers.o
        48         10          0          0          0         68   init.o
        36          0          0          0          0         68   memcpya.o
        36          0          0          0          0        108   memseta.o

    ----------------------------------------------------------------------
       170         18          0          0          0        244   Library Totals
         0          0          0          0          0          0   (incl. Padding)

    ----------------------------------------------------------------------

      Code (inc. data)   RO Data    RW Data    ZI Data      Debug   Library Name

       170         18          0          0          0        244   mc_w.l

    ----------------------------------------------------------------------
       170         18          0          0          0        244   Library Totals

    ----------------------------------------------------------------------

==============================================================================


      Code (inc. data)   RO Data    RW Data    ZI Data      Debug   

     20382         30        310        156       3196     189376   Grand Totals
     20382         30        310        156       3196     189376   ELF Image Totals
     20382         30        310        156          0          0   ROM Totals

==============================================================================

    Total RO  Size (Code + RO Data)                20692 (  20.21kB)
    Total RW  Size (RW Data + ZI Data)              3352 (   3.27kB)
    Total ROM Size (Code + RO Data + RW Data)      20848 (  20.36kB)

==============================================================================

